ARM Linker, 5.03 [Build 76] [MDK-ARM Professional]

==============================================================================

Section Cross References

    startup_stm32f407xx.o(RESET) refers to startup_stm32f407xx.o(STACK) for __initial_sp
    startup_stm32f407xx.o(RESET) refers to startup_stm32f407xx.o(.text) for Reset_Handler
    startup_stm32f407xx.o(RESET) refers to stm32f4xx_it.o(i.SysTick_Handler) for SysTick_Handler
    startup_stm32f407xx.o(RESET) refers to stm32f4xx_it.o(i.I2C1_EV_IRQHandler) for I2C1_EV_IRQHandler
    startup_stm32f407xx.o(RESET) refers to stm32f4xx_it.o(i.I2C1_ER_IRQHandler) for I2C1_ER_IRQHandler
    startup_stm32f407xx.o(RESET) refers to stm32f4xx_it.o(i.TIM7_IRQHandler) for TIM7_IRQHandler
    startup_stm32f407xx.o(RESET) refers to stm32f4xx_it.o(i.DCMI_IRQHandler) for DCMI_IRQHandler
    startup_stm32f407xx.o(.text) refers to system_stm32f4xx.o(i.SystemInit) for SystemInit
    startup_stm32f407xx.o(.text) refers to entry.o(.ARM.Collect$$$$00000000) for __main
    crc.o(i.MX_CRC_Init) refers to stm32f4xx_hal_crc.o(i.HAL_CRC_Init) for HAL_CRC_Init
    crc.o(i.MX_CRC_Init) refers to crc.o(.data) for .data
    dcmi.o(i.HAL_DCMI_MspDeInit) refers to stm32f4xx_hal_gpio.o(i.HAL_GPIO_DeInit) for HAL_GPIO_DeInit
    dcmi.o(i.HAL_DCMI_MspDeInit) refers to stm32f4xx_hal_dma.o(i.HAL_DMA_DeInit) for HAL_DMA_DeInit
    dcmi.o(i.HAL_DCMI_MspDeInit) refers to stm32f4xx_hal_cortex.o(i.HAL_NVIC_DisableIRQ) for HAL_NVIC_DisableIRQ
    dcmi.o(i.HAL_DCMI_MspInit) refers to stm32f4xx_hal_gpio.o(i.HAL_GPIO_Init) for HAL_GPIO_Init
    dcmi.o(i.HAL_DCMI_MspInit) refers to stm32f4xx_hal_dma.o(i.HAL_DMA_Init) for HAL_DMA_Init
    dcmi.o(i.HAL_DCMI_MspInit) refers to stm32f4xx_hal_cortex.o(i.HAL_NVIC_SetPriorityGrouping) for HAL_NVIC_SetPriorityGrouping
    dcmi.o(i.HAL_DCMI_MspInit) refers to stm32f4xx_hal_cortex.o(i.HAL_NVIC_SetPriority) for HAL_NVIC_SetPriority
    dcmi.o(i.HAL_DCMI_MspInit) refers to stm32f4xx_hal_cortex.o(i.HAL_NVIC_EnableIRQ) for HAL_NVIC_EnableIRQ
    dcmi.o(i.HAL_DCMI_MspInit) refers to dcmi.o(.bss) for .bss
    dcmi.o(i.MX_DCMI_Init) refers to stm32f4xx_hal_dcmi.o(i.HAL_DCMI_Init) for HAL_DCMI_Init
    dcmi.o(i.MX_DCMI_Init) refers to dcmi.o(.bss) for .bss
    gpio.o(i.MX_GPIO_Init) refers to stm32f4xx_hal_gpio.o(i.HAL_GPIO_Init) for HAL_GPIO_Init
    main.o(i.HAL_DCMI_ErrorCallback) refers to stm32f4xx_hal_dcmi.o(i.HAL_DCMI_GetError) for HAL_DCMI_GetError
    main.o(i.HAL_DCMI_ErrorCallback) refers to main.o(.data) for .data
    main.o(i.HAL_DCMI_FrameEventCallback) refers to main.o(.data) for .data
    main.o(i.HAL_DCMI_LineEventCallback) refers to main.o(.data) for .data
    main.o(i.HAL_DCMI_VsyncEventCallback) refers to main.o(.data) for .data
    main.o(i.SystemClock_Config) refers to stm32f4xx_hal_rcc.o(i.HAL_RCC_OscConfig) for HAL_RCC_OscConfig
    main.o(i.SystemClock_Config) refers to stm32f4xx_hal_rcc.o(i.HAL_RCC_ClockConfig) for HAL_RCC_ClockConfig
    main.o(i.main) refers to stm32f4xx_hal.o(i.HAL_Init) for HAL_Init
    main.o(i.main) refers to main.o(i.SystemClock_Config) for SystemClock_Config
    main.o(i.main) refers to stm32f4xx_hal_cortex.o(i.HAL_NVIC_SetPriorityGrouping) for HAL_NVIC_SetPriorityGrouping
    main.o(i.main) refers to stm32f4xx_hal_cortex.o(i.HAL_NVIC_SetPriority) for HAL_NVIC_SetPriority
    main.o(i.main) refers to gpio.o(i.MX_GPIO_Init) for MX_GPIO_Init
    main.o(i.main) refers to dma.o(i.MX_DMA_Init) for MX_DMA_Init
    main.o(i.main) refers to crc.o(i.MX_CRC_Init) for MX_CRC_Init
    main.o(i.main) refers to dcmi.o(i.MX_DCMI_Init) for MX_DCMI_Init
    main.o(i.main) refers to i2c.o(i.MX_I2C1_Init) for MX_I2C1_Init
    main.o(i.main) refers to tim.o(i.MX_TIM7_Init) for MX_TIM7_Init
    main.o(i.main) refers to stm32f4xx_hal_gpio.o(i.HAL_GPIO_WritePin) for HAL_GPIO_WritePin
    main.o(i.main) refers to stm32f4xx_hal.o(i.HAL_Delay) for HAL_Delay
    main.o(i.main) refers to stm32f4xx_hal_i2c.o(i.HAL_I2C_Mem_Read) for HAL_I2C_Mem_Read
    main.o(i.main) refers to stm32f4xx_hal_dcmi.o(i.HAL_DCMI_Start_DMA) for HAL_DCMI_Start_DMA
    main.o(i.main) refers to stm32f4xx_hal_dcmi.o(i.HAL_DCMI_GetError) for HAL_DCMI_GetError
    main.o(i.main) refers to main.o(.bss) for .bss
    main.o(i.main) refers to main.o(.data) for .data
    main.o(i.main) refers to i2c.o(.bss) for hi2c1
    main.o(i.main) refers to dcmi.o(.bss) for hdcmi
    stm32f4xx_it.o(i.DCMI_IRQHandler) refers to stm32f4xx_hal_cortex.o(i.HAL_NVIC_ClearPendingIRQ) for HAL_NVIC_ClearPendingIRQ
    stm32f4xx_it.o(i.DCMI_IRQHandler) refers to stm32f4xx_hal_dcmi.o(i.HAL_DCMI_IRQHandler) for HAL_DCMI_IRQHandler
    stm32f4xx_it.o(i.DCMI_IRQHandler) refers to dcmi.o(.bss) for hdcmi
    stm32f4xx_it.o(i.I2C1_ER_IRQHandler) refers to stm32f4xx_hal_cortex.o(i.HAL_NVIC_ClearPendingIRQ) for HAL_NVIC_ClearPendingIRQ
    stm32f4xx_it.o(i.I2C1_ER_IRQHandler) refers to stm32f4xx_hal_i2c.o(i.HAL_I2C_ER_IRQHandler) for HAL_I2C_ER_IRQHandler
[...]
    stm32f4xx_hal_i2c.o(i.HAL_I2C_Master_Receive_DMA) refers to stm32f4xx_hal_i2c.o(i.I2C_DMAError) for I2C_DMAError
    stm32f4xx_hal_i2c.o(i.HAL_I2C_Master_Receive_IT) refers to stm32f4xx_hal_i2c.o(i.I2C_MasterRequestRead) for I2C_MasterRequestRead
    stm32f4xx_hal_i2c.o(i.HAL_I2C_Master_Transmit) refers to stm32f4xx_hal_i2c.o(i.I2C_MasterRequestWrite) for I2C_MasterRequestWrite
    stm32f4xx_hal_i2c.o(i.HAL_I2C_Master_Transmit) refers to stm32f4xx_hal_i2c.o(i.I2C_WaitOnFlagUntilTimeout) for I2C_WaitOnFlagUntilTimeout
    stm32f4xx_hal_i2c.o(i.HAL_I2C_Master_Transmit_DMA) refers to stm32f4xx_hal_dma.o(i.HAL_DMA_Start_IT) for HAL_DMA_Start_IT
    stm32f4xx_hal_i2c.o(i.HAL_I2C_Master_Transmit_DMA) refers to stm32f4xx_hal_i2c.o(i.I2C_MasterRequestWrite) for I2C_MasterRequestWrite
    stm32f4xx_hal_i2c.o(i.HAL_I2C_Master_Transmit_DMA) refers to stm32f4xx_hal_i2c.o(i.I2C_DMAMasterTransmitCplt) for I2C_DMAMasterTransmitCplt
    stm32f4xx_hal_i2c.o(i.HAL_I2C_Master_Transmit_DMA) refers to stm32f4xx_hal_i2c.o(i.I2C_DMAError) for I2C_DMAError
    stm32f4xx_hal_i2c.o(i.HAL_I2C_Master_Transmit_IT) refers to stm32f4xx_hal_i2c.o(i.I2C_MasterRequestWrite) for I2C_MasterRequestWrite
    stm32f4xx_hal_i2c.o(i.HAL_I2C_Mem_Read) refers to stm32f4xx_hal_i2c.o(i.I2C_RequestMemoryRead) for I2C_RequestMemoryRead
    stm32f4xx_hal_i2c.o(i.HAL_I2C_Mem_Read) refers to stm32f4xx_hal_i2c.o(i.I2C_WaitOnFlagUntilTimeout) for I2C_WaitOnFlagUntilTimeout
    stm32f4xx_hal_i2c.o(i.HAL_I2C_Mem_Read_DMA) refers to stm32f4xx_hal_dma.o(i.HAL_DMA_Start_IT) for HAL_DMA_Start_IT
    stm32f4xx_hal_i2c.o(i.HAL_I2C_Mem_Read_DMA) refers to stm32f4xx_hal_i2c.o(i.I2C_RequestMemoryRead) for I2C_RequestMemoryRead
    stm32f4xx_hal_i2c.o(i.HAL_I2C_Mem_Read_DMA) refers to stm32f4xx_hal_i2c.o(i.I2C_DMAMemReceiveCplt) for I2C_DMAMemReceiveCplt
    stm32f4xx_hal_i2c.o(i.HAL_I2C_Mem_Read_DMA) refers to stm32f4xx_hal_i2c.o(i.I2C_DMAError) for I2C_DMAError
    stm32f4xx_hal_i2c.o(i.HAL_I2C_Mem_Read_IT) refers to stm32f4xx_hal_i2c.o(i.I2C_RequestMemoryRead) for I2C_RequestMemoryRead
    stm32f4xx_hal_i2c.o(i.HAL_I2C_Mem_Write) refers to stm32f4xx_hal_i2c.o(i.I2C_RequestMemoryWrite) for I2C_RequestMemoryWrite
    stm32f4xx_hal_i2c.o(i.HAL_I2C_Mem_Write) refers to stm32f4xx_hal_i2c.o(i.I2C_WaitOnFlagUntilTimeout) for I2C_WaitOnFlagUntilTimeout
    stm32f4xx_hal_i2c.o(i.HAL_I2C_Mem_Write_DMA) refers to stm32f4xx_hal_dma.o(i.HAL_DMA_Start_IT) for HAL_DMA_Start_IT
    stm32f4xx_hal_i2c.o(i.HAL_I2C_Mem_Write_DMA) refers to stm32f4xx_hal_i2c.o(i.I2C_RequestMemoryWrite) for I2C_RequestMemoryWrite
    stm32f4xx_hal_i2c.o(i.HAL_I2C_Mem_Write_DMA) refers to stm32f4xx_hal_i2c.o(i.I2C_DMAMemTransmitCplt) for I2C_DMAMemTransmitCplt
    stm32f4xx_hal_i2c.o(i.HAL_I2C_Mem_Write_DMA) refers to stm32f4xx_hal_i2c.o(i.I2C_DMAError) for I2C_DMAError
    stm32f4xx_hal_i2c.o(i.HAL_I2C_Mem_Write_IT) refers to stm32f4xx_hal_i2c.o(i.I2C_RequestMemoryWrite) for I2C_RequestMemoryWrite
    stm32f4xx_hal_i2c.o(i.HAL_I2C_Slave_Receive) refers to stm32f4xx_hal_i2c.o(i.I2C_WaitOnFlagUntilTimeout) for I2C_WaitOnFlagUntilTimeout
    stm32f4xx_hal_i2c.o(i.HAL_I2C_Slave_Receive_DMA) refers to stm32f4xx_hal_dma.o(i.HAL_DMA_Start_IT) for HAL_DMA_Start_IT
    stm32f4xx_hal_i2c.o(i.HAL_I2C_Slave_Receive_DMA) refers to stm32f4xx_hal_i2c.o(i.I2C_WaitOnFlagUntilTimeout) for I2C_WaitOnFlagUntilTimeout
    stm32f4xx_hal_i2c.o(i.HAL_I2C_Slave_Receive_DMA) refers to stm32f4xx_hal_i2c.o(i.I2C_DMASlaveReceiveCplt) for I2C_DMASlaveReceiveCplt
    stm32f4xx_hal_i2c.o(i.HAL_I2C_Slave_Receive_DMA) refers to stm32f4xx_hal_i2c.o(i.I2C_DMAError) for I2C_DMAError
    stm32f4xx_hal_i2c.o(i.HAL_I2C_Slave_Transmit) refers to stm32f4xx_hal_i2c.o(i.I2C_WaitOnFlagUntilTimeout) for I2C_WaitOnFlagUntilTimeout
    stm32f4xx_hal_i2c.o(i.HAL_I2C_Slave_Transmit_DMA) refers to stm32f4xx_hal_dma.o(i.HAL_DMA_Start_IT) for HAL_DMA_Start_IT
    stm32f4xx_hal_i2c.o(i.HAL_I2C_Slave_Transmit_DMA) refers to stm32f4xx_hal_i2c.o(i.I2C_WaitOnFlagUntilTimeout) for I2C_WaitOnFlagUntilTimeout
    stm32f4xx_hal_i2c.o(i.HAL_I2C_Slave_Transmit_DMA) refers to stm32f4xx_hal_i2c.o(i.I2C_DMASlaveTransmitCplt) for I2C_DMASlaveTransmitCplt
    stm32f4xx_hal_i2c.o(i.HAL_I2C_Slave_Transmit_DMA) refers to stm32f4xx_hal_i2c.o(i.I2C_DMAError) for I2C_DMAError
    stm32f4xx_hal_i2c.o(i.I2C_DMAError) refers to stm32f4xx_hal_i2c.o(i.HAL_I2C_ErrorCallback) for HAL_I2C_ErrorCallback
    stm32f4xx_hal_i2c.o(i.I2C_DMAMasterReceiveCplt) refers to stm32f4xx_hal_i2c.o(i.I2C_WaitOnFlagUntilTimeout) for I2C_WaitOnFlagUntilTimeout
    stm32f4xx_hal_i2c.o(i.I2C_DMAMasterReceiveCplt) refers to stm32f4xx_hal_i2c.o(i.HAL_I2C_ErrorCallback) for HAL_I2C_ErrorCallback
    stm32f4xx_hal_i2c.o(i.I2C_DMAMasterReceiveCplt) refers to stm32f4xx_hal_i2c.o(i.HAL_I2C_MasterRxCpltCallback) for HAL_I2C_MasterRxCpltCallback
    stm32f4xx_hal_i2c.o(i.I2C_DMAMasterTransmitCplt) refers to stm32f4xx_hal_i2c.o(i.I2C_WaitOnFlagUntilTimeout) for I2C_WaitOnFlagUntilTimeout
    stm32f4xx_hal_i2c.o(i.I2C_DMAMasterTransmitCplt) refers to stm32f4xx_hal_i2c.o(i.HAL_I2C_ErrorCallback) for HAL_I2C_ErrorCallback
    stm32f4xx_hal_i2c.o(i.I2C_DMAMasterTransmitCplt) refers to stm32f4xx_hal_i2c.o(i.HAL_I2C_MasterTxCpltCallback) for HAL_I2C_MasterTxCpltCallback
    stm32f4xx_hal_i2c.o(i.I2C_DMAMemReceiveCplt) refers to stm32f4xx_hal_i2c.o(i.I2C_WaitOnFlagUntilTimeout) for I2C_WaitOnFlagUntilTimeout
    stm32f4xx_hal_i2c.o(i.I2C_DMAMemReceiveCplt) refers to stm32f4xx_hal_i2c.o(i.HAL_I2C_ErrorCallback) for HAL_I2C_ErrorCallback
    stm32f4xx_hal_i2c.o(i.I2C_DMAMemReceiveCplt) refers to stm32f4xx_hal_i2c.o(i.HAL_I2C_MemRxCpltCallback) for HAL_I2C_MemRxCpltCallback
    stm32f4xx_hal_i2c.o(i.I2C_DMAMemTransmitCplt) refers to stm32f4xx_hal_i2c.o(i.I2C_WaitOnFlagUntilTimeout) for I2C_WaitOnFlagUntilTimeout
    stm32f4xx_hal_i2c.o(i.I2C_DMAMemTransmitCplt) refers to stm32f4xx_hal_i2c.o(i.HAL_I2C_ErrorCallback) for HAL_I2C_ErrorCallback
    stm32f4xx_hal_i2c.o(i.I2C_DMAMemTransmitCplt) refers to stm32f4xx_hal_i2c.o(i.HAL_I2C_MemTxCpltCallback) for HAL_I2C_MemTxCpltCallback
    stm32f4xx_hal_i2c.o(i.I2C_DMASlaveReceiveCplt) refers to stm32f4xx_hal_i2c.o(i.I2C_WaitOnFlagUntilTimeout) for I2C_WaitOnFlagUntilTimeout
    stm32f4xx_hal_i2c.o(i.I2C_DMASlaveReceiveCplt) refers to stm32f4xx_hal_i2c.o(i.HAL_I2C_ErrorCallback) for HAL_I2C_ErrorCallback
    stm32f4xx_hal_i2c.o(i.I2C_DMASlaveReceiveCplt) refers to stm32f4xx_hal_i2c.o(i.HAL_I2C_SlaveRxCpltCallback) for HAL_I2C_SlaveRxCpltCallback
    stm32f4xx_hal_i2c.o(i.I2C_DMASlaveTransmitCplt) refers to stm32f4xx_hal_i2c.o(i.I2C_WaitOnFlagUntilTimeout) for I2C_WaitOnFlagUntilTimeout
    stm32f4xx_hal_i2c.o(i.I2C_DMASlaveTransmitCplt) refers to stm32f4xx_hal_i2c.o(i.HAL_I2C_ErrorCallback) for HAL_I2C_ErrorCallback
    stm32f4xx_hal_i2c.o(i.I2C_DMASlaveTransmitCplt) refers to stm32f4xx_hal_i2c.o(i.HAL_I2C_SlaveTxCpltCallback) for HAL_I2C_SlaveTxCpltCallback
    stm32f4xx_hal_i2c.o(i.I2C_MasterReceive_BTF) refers to stm32f4xx_hal_i2c.o(i.I2C_WaitOnFlagUntilTimeout) for I2C_WaitOnFlagUntilTimeout
    stm32f4xx_hal_i2c.o(i.I2C_MasterReceive_BTF) refers to stm32f4xx_hal_i2c.o(i.HAL_I2C_MasterRxCpltCallback) for HAL_I2C_MasterRxCpltCallback
    stm32f4xx_hal_i2c.o(i.I2C_MasterReceive_BTF) refers to stm32f4xx_hal_i2c.o(i.HAL_I2C_MemRxCpltCallback) for HAL_I2C_MemRxCpltCallback
    stm32f4xx_hal_i2c.o(i.I2C_MasterReceive_RXNE) refers to stm32f4xx_hal_i2c.o(i.I2C_WaitOnFlagUntilTimeout) for I2C_WaitOnFlagUntilTimeout
    stm32f4xx_hal_i2c.o(i.I2C_MasterReceive_RXNE) refers to stm32f4xx_hal_i2c.o(i.HAL_I2C_MasterRxCpltCallback) for HAL_I2C_MasterRxCpltCallback
    stm32f4xx_hal_i2c.o(i.I2C_MasterReceive_RXNE) refers to stm32f4xx_hal_i2c.o(i.HAL_I2C_MemRxCpltCallback) for HAL_I2C_MemRxCpltCallback
    stm32f4xx_hal_i2c.o(i.I2C_MasterRequestRead) refers to stm32f4xx_hal_i2c.o(i.I2C_WaitOnFlagUntilTimeout) for I2C_WaitOnFlagUntilTimeout
    stm32f4xx_hal_i2c.o(i.I2C_MasterRequestRead) refers to stm32f4xx_hal_i2c.o(i.I2C_WaitOnMasterAddressFlagUntilTimeout) for I2C_WaitOnMasterAddressFlagUntilTimeout
    stm32f4xx_hal_i2c.o(i.I2C_MasterRequestWrite) refers to stm32f4xx_hal_i2c.o(i.I2C_WaitOnFlagUntilTimeout) for I2C_WaitOnFlagUntilTimeout
    stm32f4xx_hal_i2c.o(i.I2C_MasterRequestWrite) refers to stm32f4xx_hal_i2c.o(i.I2C_WaitOnMasterAddressFlagUntilTimeout) for I2C_WaitOnMasterAddressFlagUntilTimeout
    stm32f4xx_hal_i2c.o(i.I2C_MasterTransmit_BTF) refers to stm32f4xx_hal_i2c.o(i.I2C_WaitOnFlagUntilTimeout) for I2C_WaitOnFlagUntilTimeout
    stm32f4xx_hal_i2c.o(i.I2C_MasterTransmit_BTF) refers to stm32f4xx_hal_i2c.o(i.HAL_I2C_MasterTxCpltCallback) for HAL_I2C_MasterTxCpltCallback
    stm32f4xx_hal_i2c.o(i.I2C_MasterTransmit_BTF) refers to stm32f4xx_hal_i2c.o(i.HAL_I2C_MemTxCpltCallback) for HAL_I2C_MemTxCpltCallback
    stm32f4xx_hal_i2c.o(i.I2C_RequestMemoryRead) refers to stm32f4xx_hal_i2c.o(i.I2C_WaitOnFlagUntilTimeout) for I2C_WaitOnFlagUntilTimeout
    stm32f4xx_hal_i2c.o(i.I2C_RequestMemoryRead) refers to stm32f4xx_hal_i2c.o(i.I2C_WaitOnMasterAddressFlagUntilTimeout) for I2C_WaitOnMasterAddressFlagUntilTimeout
    stm32f4xx_hal_i2c.o(i.I2C_RequestMemoryWrite) refers to stm32f4xx_hal_i2c.o(i.I2C_WaitOnFlagUntilTimeout) for I2C_WaitOnFlagUntilTimeout
    stm32f4xx_hal_i2c.o(i.I2C_RequestMemoryWrite) refers to stm32f4xx_hal_i2c.o(i.I2C_WaitOnMasterAddressFlagUntilTimeout) for I2C_WaitOnMasterAddressFlagUntilTimeout
    stm32f4xx_hal_i2c.o(i.I2C_WaitOnFlagUntilTimeout) refers to stm32f4xx_hal.o(i.HAL_GetTick) for HAL_GetTick
    stm32f4xx_hal_i2c.o(i.I2C_WaitOnMasterAddressFlagUntilTimeout) refers to stm32f4xx_hal.o(i.HAL_GetTick) for HAL_GetTick
    entry.o(.ARM.Collect$$$$00000000) refers (Special) to entry10a.o(.ARM.Collect$$$$0000000D) for __rt_final_cpp
    entry.o(.ARM.Collect$$$$00000000) refers (Special) to entry11a.o(.ARM.Collect$$$$0000000F) for __rt_final_exit
    entry.o(.ARM.Collect$$$$00000000) refers (Special) to entry7b.o(.ARM.Collect$$$$00000008) for _main_clock
    entry.o(.ARM.Collect$$$$00000000) refers (Special) to entry8b.o(.ARM.Collect$$$$0000000A) for _main_cpp_init
    entry.o(.ARM.Collect$$$$00000000) refers (Special) to entry9a.o(.ARM.Collect$$$$0000000B) for _main_init
    entry.o(.ARM.Collect$$$$00000000) refers (Special) to entry5.o(.ARM.Collect$$$$00000004) for _main_scatterload
    entry.o(.ARM.Collect$$$$00000000) refers (Special) to entry2.o(.ARM.Collect$$$$00000001) for _main_stk
    entry2.o(.ARM.Collect$$$$00000001) refers to entry2.o(.ARM.Collect$$$$00002712) for __lit__00000000
    entry2.o(.ARM.Collect$$$$00002712) refers to startup_stm32f407xx.o(STACK) for __initial_sp
    entry2.o(__vectab_stack_and_reset_area) refers to startup_stm32f407xx.o(STACK) for __initial_sp
    entry2.o(__vectab_stack_and_reset_area) refers to entry.o(.ARM.Collect$$$$00000000) for __main
    entry5.o(.ARM.Collect$$$$00000004) refers to init.o(.text) for __scatterload
    entry9a.o(.ARM.Collect$$$$0000000B) refers to main.o(i.main) for main
    entry9b.o(.ARM.Collect$$$$0000000C) refers to main.o(i.main) for main
    init.o(.text) refers to entry5.o(.ARM.Collect$$$$00000004) for __main_after_scatterload


==============================================================================

Removing Unused input sections from the image.

    Removing startup_stm32f407xx.o(HEAP), (512 bytes).
    Removing crc.o(.rev16_text), (4 bytes).
    Removing crc.o(.revsh_text), (4 bytes).
    Removing crc.o(i.HAL_CRC_MspDeInit), (28 bytes).
    Removing dcmi.o(.rev16_text), (4 bytes).
    Removing dcmi.o(.revsh_text), (4 bytes).
    Removing dcmi.o(i.HAL_DCMI_MspDeInit), (96 bytes).
    Removing dma.o(.rev16_text), (4 bytes).
    Removing dma.o(.revsh_text), (4 bytes).
    Removing gpio.o(.rev16_text), (4 bytes).
    Removing gpio.o(.revsh_text), (4 bytes).
    Removing main.o(.rev16_text), (4 bytes).
    Removing main.o(.revsh_text), (4 bytes).
    Removing stm32f4xx_it.o(.rev16_text), (4 bytes).
    Removing stm32f4xx_it.o(.revsh_text), (4 bytes).
    Removing tim.o(.rev16_text), (4 bytes).
    Removing tim.o(.revsh_text), (4 bytes).
    Removing tim.o(i.HAL_TIM_Base_MspDeInit), (36 bytes).
    Removing i2c.o(.rev16_text), (4 bytes).
    Removing i2c.o(.revsh_text), (4 bytes).
    Removing i2c.o(i.HAL_I2C_MspDeInit), (60 bytes).
    Removing system_stm32f4xx.o(.rev16_text), (4 bytes).
    Removing system_stm32f4xx.o(.revsh_text), (4 bytes).
    Removing system_stm32f4xx.o(i.SystemCoreClockUpdate), (124 bytes).
    Removing stm32f4xx_hal.o(.rev16_text), (4 bytes).
    Removing stm32f4xx_hal.o(.revsh_text), (4 bytes).
    Removing stm32f4xx_hal.o(i.HAL_DeInit), (52 bytes).
    Removing stm32f4xx_hal.o(i.HAL_DisableCompensationCell), (12 bytes).
    Removing stm32f4xx_hal.o(i.HAL_DisableDBGSleepMode), (16 bytes).
    Removing stm32f4xx_hal.o(i.HAL_DisableDBGStandbyMode), (16 bytes).
    Removing stm32f4xx_hal.o(i.HAL_DisableDBGStopMode), (16 bytes).
    Removing stm32f4xx_hal.o(i.HAL_EnableCompensationCell), (12 bytes).
    Removing stm32f4xx_hal.o(i.HAL_EnableDBGSleepMode), (16 bytes).
    Removing stm32f4xx_hal.o(i.HAL_EnableDBGStandbyMode), (16 bytes).
    Removing stm32f4xx_hal.o(i.HAL_EnableDBGStopMode), (16 bytes).
    Removing stm32f4xx_hal.o(i.HAL_GetDEVID), (16 bytes).
    Removing stm32f4xx_hal.o(i.HAL_GetHalVersion), (8 bytes).
    Removing stm32f4xx_hal.o(i.HAL_GetREVID), (12 bytes).
    Removing stm32f4xx_hal.o(i.HAL_MspDeInit), (2 bytes).
    Removing stm32f4xx_hal.o(i.HAL_ResumeTick), (14 bytes).
    Removing stm32f4xx_hal.o(i.HAL_SuspendTick), (14 bytes).
    Removing stm32f4xx_hal_cortex.o(.rev16_text), (4 bytes).
    Removing stm32f4xx_hal_cortex.o(.revsh_text), (4 bytes).
    Removing stm32f4xx_hal_cortex.o(i.HAL_NVIC_DisableIRQ), (24 bytes).
    Removing stm32f4xx_hal_cortex.o(i.HAL_NVIC_GetActive), (34 bytes).
    Removing stm32f4xx_hal_cortex.o(i.HAL_NVIC_GetPendingIRQ), (34 bytes).
    Removing stm32f4xx_hal_cortex.o(i.HAL_NVIC_GetPriority), (80 bytes).
    Removing stm32f4xx_hal_cortex.o(i.HAL_NVIC_GetPriorityGrouping), (16 bytes).
    Removing stm32f4xx_hal_cortex.o(i.HAL_NVIC_SetPendingIRQ), (24 bytes).
    Removing stm32f4xx_hal_cortex.o(i.HAL_NVIC_SystemReset), (32 bytes).
    Removing stm32f4xx_hal_cortex.o(i.HAL_SYSTICK_CLKSourceConfig), (24 bytes).
    Removing stm32f4xx_hal_crc.o(.rev16_text), (4 bytes).
    Removing stm32f4xx_hal_crc.o(.revsh_text), (4 bytes).
    Removing stm32f4xx_hal_crc.o(i.HAL_CRC_Accumulate), (50 bytes).
    Removing stm32f4xx_hal_crc.o(i.HAL_CRC_Calculate), (62 bytes).
    Removing stm32f4xx_hal_crc.o(i.HAL_CRC_DeInit), (28 bytes).
    Removing stm32f4xx_hal_crc.o(i.HAL_CRC_GetState), (4 bytes).
    Removing stm32f4xx_hal_crc.o(i.HAL_CRC_MspDeInit), (2 bytes).
    Removing stm32f4xx_hal_crc.o(i.HAL_CRC_MspInit), (2 bytes).
    Removing stm32f4xx_hal_dcmi.o(.rev16_text), (4 bytes).
    Removing stm32f4xx_hal_dcmi.o(.revsh_text), (4 bytes).
    Removing stm32f4xx_hal_dcmi.o(i.HAL_DCMI_ConfigCROP), (56 bytes).
    Removing stm32f4xx_hal_dcmi.o(i.HAL_DCMI_DeInit), (20 bytes).
    Removing stm32f4xx_hal_dcmi.o(i.HAL_DCMI_DisableCROP), (48 bytes).
    Removing stm32f4xx_hal_dcmi.o(i.HAL_DCMI_EnableCROP), (48 bytes).
    Removing stm32f4xx_hal_dcmi.o(i.HAL_DCMI_ErrorCallback), (2 bytes).
    Removing stm32f4xx_hal_dcmi.o(i.HAL_DCMI_FrameEventCallback), (2 bytes).
    Removing stm32f4xx_hal_dcmi.o(i.HAL_DCMI_GetState), (6 bytes).
    Removing stm32f4xx_hal_dcmi.o(i.HAL_DCMI_LineEventCallback), (2 bytes).
    Removing stm32f4xx_hal_dcmi.o(i.HAL_DCMI_MspDeInit), (2 bytes).
    Removing stm32f4xx_hal_dcmi.o(i.HAL_DCMI_MspInit), (2 bytes).
    Removing stm32f4xx_hal_dcmi.o(i.HAL_DCMI_Stop), (112 bytes).
    Removing stm32f4xx_hal_dcmi.o(i.HAL_DCMI_VsyncEventCallback), (2 bytes).
    Removing stm32f4xx_hal_dma.o(.rev16_text), (4 bytes).
    Removing stm32f4xx_hal_dma.o(.revsh_text), (4 bytes).
    Removing stm32f4xx_hal_dma.o(i.HAL_DMA_DeInit), (2508 bytes).
    Removing stm32f4xx_hal_dma.o(i.HAL_DMA_GetError), (4 bytes).
    Removing stm32f4xx_hal_dma.o(i.HAL_DMA_GetState), (6 bytes).
    Removing stm32f4xx_hal_dma.o(i.HAL_DMA_IRQHandler), (3948 bytes).
    Removing stm32f4xx_hal_dma.o(i.HAL_DMA_PollForTransfer), (4744 bytes).
    Removing stm32f4xx_hal_dma.o(i.HAL_DMA_Start), (58 bytes).
    Removing stm32f4xx_hal_dma_ex.o(.rev16_text), (4 bytes).
    Removing stm32f4xx_hal_dma_ex.o(.revsh_text), (4 bytes).
    Removing stm32f4xx_hal_dma_ex.o(i.HAL_DMAEx_MultiBufferStart), (92 bytes).
    Removing stm32f4xx_hal_flash.o(.rev16_text), (4 bytes).
    Removing stm32f4xx_hal_flash.o(.revsh_text), (4 bytes).
    Removing stm32f4xx_hal_flash.o(i.FLASH_Program_Byte), (32 bytes).
    Removing stm32f4xx_hal_flash.o(i.FLASH_Program_DoubleWord), (40 bytes).
    Removing stm32f4xx_hal_flash.o(i.FLASH_Program_HalfWord), (36 bytes).
    Removing stm32f4xx_hal_flash.o(i.FLASH_Program_Word), (36 bytes).
    Removing stm32f4xx_hal_flash.o(i.FLASH_SetErrorCode), (96 bytes).
    Removing stm32f4xx_hal_flash.o(i.FLASH_WaitForLastOperation), (60 bytes).
    Removing stm32f4xx_hal_flash.o(i.HAL_FLASH_EndOfOperationCallback), (2 bytes).
    Removing stm32f4xx_hal_flash.o(i.HAL_FLASH_GetError), (12 bytes).
    Removing stm32f4xx_hal_flash.o(i.HAL_FLASH_IRQHandler), (256 bytes).
    Removing stm32f4xx_hal_flash.o(i.HAL_FLASH_Lock), (20 bytes).
    Removing stm32f4xx_hal_flash.o(i.HAL_FLASH_OB_Launch), (24 bytes).
    Removing stm32f4xx_hal_flash.o(i.HAL_FLASH_OB_Lock), (20 bytes).
    Removing stm32f4xx_hal_flash.o(i.HAL_FLASH_OB_Unlock), (40 bytes).
    Removing stm32f4xx_hal_flash.o(i.HAL_FLASH_OperationErrorCallback), (2 bytes).
    Removing stm32f4xx_hal_flash.o(i.HAL_FLASH_Program), (124 bytes).
    Removing stm32f4xx_hal_flash.o(i.HAL_FLASH_Program_IT), (116 bytes).
    Removing stm32f4xx_hal_flash.o(i.HAL_FLASH_Unlock), (40 bytes).
    Removing stm32f4xx_hal_flash.o(.bss), (28 bytes).
    Removing stm32f4xx_hal_flash_ex.o(.rev16_text), (4 bytes).
    Removing stm32f4xx_hal_flash_ex.o(.revsh_text), (4 bytes).
    Removing stm32f4xx_hal_flash_ex.o(i.FLASH_Erase_Sector), (88 bytes).
    Removing stm32f4xx_hal_flash_ex.o(i.FLASH_MassErase), (36 bytes).
    Removing stm32f4xx_hal_flash_ex.o(i.HAL_FLASHEx_Erase), (148 bytes).
    Removing stm32f4xx_hal_flash_ex.o(i.HAL_FLASHEx_Erase_IT), (104 bytes).
    Removing stm32f4xx_hal_flash_ex.o(i.HAL_FLASHEx_OBGetConfig), (52 bytes).
    Removing stm32f4xx_hal_flash_ex.o(i.HAL_FLASHEx_OBProgram), (204 bytes).
    Removing stm32f4xx_hal_flash_ramfunc.o(.rev16_text), (4 bytes).
    Removing stm32f4xx_hal_flash_ramfunc.o(.revsh_text), (4 bytes).
    Removing stm32f4xx_hal_gpio.o(.rev16_text), (4 bytes).
    Removing stm32f4xx_hal_gpio.o(.revsh_text), (4 bytes).
    Removing stm32f4xx_hal_gpio.o(i.HAL_GPIO_DeInit), (160 bytes).
    Removing stm32f4xx_hal_gpio.o(i.HAL_GPIO_EXTI_Callback), (2 bytes).
    Removing stm32f4xx_hal_gpio.o(i.HAL_GPIO_EXTI_IRQHandler), (24 bytes).
    Removing stm32f4xx_hal_gpio.o(i.HAL_GPIO_LockPin), (34 bytes).
    Removing stm32f4xx_hal_gpio.o(i.HAL_GPIO_ReadPin), (10 bytes).
    Removing stm32f4xx_hal_gpio.o(i.HAL_GPIO_TogglePin), (8 bytes).
    Removing stm32f4xx_hal_pwr.o(.rev16_text), (4 bytes).
    Removing stm32f4xx_hal_pwr.o(.revsh_text), (4 bytes).
    Removing stm32f4xx_hal_pwr.o(i.HAL_PWR_DeInit), (24 bytes).
    Removing stm32f4xx_hal_pwr.o(i.HAL_PWR_DisableBkUpAccess), (12 bytes).
    Removing stm32f4xx_hal_pwr.o(i.HAL_PWR_DisablePVD), (12 bytes).
    Removing stm32f4xx_hal_pwr.o(i.HAL_PWR_DisableWakeUpPin), (12 bytes).
    Removing stm32f4xx_hal_pwr.o(i.HAL_PWR_EnableBkUpAccess), (12 bytes).
    Removing stm32f4xx_hal_pwr.o(i.HAL_PWR_EnablePVD), (12 bytes).
    Removing stm32f4xx_hal_pwr.o(i.HAL_PWR_EnableWakeUpPin), (12 bytes).
    Removing stm32f4xx_hal_pwr.o(i.HAL_PWR_EnterSLEEPMode), (16 bytes).
    Removing stm32f4xx_hal_pwr.o(i.HAL_PWR_EnterSTANDBYMode), (32 bytes).
    Removing stm32f4xx_hal_pwr.o(i.HAL_PWR_EnterSTOPMode), (52 bytes).
    Removing stm32f4xx_hal_pwr.o(i.HAL_PWR_PVDCallback), (2 bytes).
    Removing stm32f4xx_hal_pwr.o(i.HAL_PWR_PVDConfig), (108 bytes).
    Removing stm32f4xx_hal_pwr.o(i.HAL_PWR_PVD_IRQHandler), (28 bytes).
    Removing stm32f4xx_hal_pwr_ex.o(.rev16_text), (4 bytes).
    Removing stm32f4xx_hal_pwr_ex.o(.revsh_text), (4 bytes).
    Removing stm32f4xx_hal_pwr_ex.o(i.HAL_PWREx_DisableBkUpReg), (60 bytes).
    Removing stm32f4xx_hal_pwr_ex.o(i.HAL_PWREx_DisableFlashPowerDown), (12 bytes).
    Removing stm32f4xx_hal_pwr_ex.o(i.HAL_PWREx_EnableBkUpReg), (60 bytes).
    Removing stm32f4xx_hal_pwr_ex.o(i.HAL_PWREx_EnableFlashPowerDown), (12 bytes).
    Removing stm32f4xx_hal_rcc.o(.rev16_text), (4 bytes).
    Removing stm32f4xx_hal_rcc.o(.revsh_text), (4 bytes).
    Removing stm32f4xx_hal_rcc.o(i.HAL_RCC_CCSCallback), (2 bytes).
    Removing stm32f4xx_hal_rcc.o(i.HAL_RCC_DeInit), (88 bytes).
    Removing stm32f4xx_hal_rcc.o(i.HAL_RCC_DisableCSS), (12 bytes).
    Removing stm32f4xx_hal_rcc.o(i.HAL_RCC_EnableCSS), (12 bytes).
    Removing stm32f4xx_hal_rcc.o(i.HAL_RCC_GetClockConfig), (64 bytes).
    Removing stm32f4xx_hal_rcc.o(i.HAL_RCC_GetOscConfig), (224 bytes).
    Removing stm32f4xx_hal_rcc.o(i.HAL_RCC_GetPCLK2Freq), (44 bytes).
    Removing stm32f4xx_hal_rcc.o(i.HAL_RCC_MCOConfig), (116 bytes).
    Removing stm32f4xx_hal_rcc.o(i.HAL_RCC_NMI_IRQHandler), (28 bytes).
    Removing stm32f4xx_hal_rcc_ex.o(.rev16_text), (4 bytes).
    Removing stm32f4xx_hal_rcc_ex.o(.revsh_text), (4 bytes).
    Removing stm32f4xx_hal_rcc_ex.o(i.HAL_RCCEx_GetPeriphCLKConfig), (80 bytes).
    Removing stm32f4xx_hal_rcc_ex.o(i.HAL_RCCEx_PeriphCLKConfig), (328 bytes).
    Removing stm32f4xx_hal_tim.o(.rev16_text), (4 bytes).
    Removing stm32f4xx_hal_tim.o(.revsh_text), (4 bytes).
    Removing stm32f4xx_hal_tim.o(i.HAL_TIM_Base_DeInit), (54 bytes).
    Removing stm32f4xx_hal_tim.o(i.HAL_TIM_Base_GetState), (6 bytes).
    Removing stm32f4xx_hal_tim.o(i.HAL_TIM_Base_MspDeInit), (2 bytes).
    Removing stm32f4xx_hal_tim.o(i.HAL_TIM_Base_MspInit), (2 bytes).
    Removing stm32f4xx_hal_tim.o(i.HAL_TIM_Base_Start), (26 bytes).
    Removing stm32f4xx_hal_tim.o(i.HAL_TIM_Base_Start_DMA), (92 bytes).
    Removing stm32f4xx_hal_tim.o(i.HAL_TIM_Base_Start_IT), (24 bytes).
    Removing stm32f4xx_hal_tim.o(i.HAL_TIM_Base_Stop), (44 bytes).
    Removing stm32f4xx_hal_tim.o(i.HAL_TIM_Base_Stop_DMA), (48 bytes).
    Removing stm32f4xx_hal_tim.o(i.HAL_TIM_Base_Stop_IT), (42 bytes).
    Removing stm32f4xx_hal_tim.o(i.HAL_TIM_ConfigClockSource), (240 bytes).
    Removing stm32f4xx_hal_tim.o(i.HAL_TIM_ConfigOCrefClear), (172 bytes).
    Removing stm32f4xx_hal_tim.o(i.HAL_TIM_ConfigTI1Input), (16 bytes).
    Removing stm32f4xx_hal_tim.o(i.HAL_TIM_DMABurst_ReadStart), (272 bytes).
    Removing stm32f4xx_hal_tim.o(i.HAL_TIM_DMABurst_ReadStop), (12 bytes).
    Removing stm32f4xx_hal_tim.o(i.HAL_TIM_DMABurst_WriteStart), (272 bytes).
    Removing stm32f4xx_hal_tim.o(i.HAL_TIM_DMABurst_WriteStop), (12 bytes).
    Removing stm32f4xx_hal_tim.o(i.HAL_TIM_DMACaptureCplt), (16 bytes).
    Removing stm32f4xx_hal_tim.o(i.HAL_TIM_DMADelayPulseCplt), (16 bytes).
    Removing stm32f4xx_hal_tim.o(i.HAL_TIM_DMAError), (16 bytes).
    Removing stm32f4xx_hal_tim.o(i.HAL_TIM_Encoder_DeInit), (54 bytes).
    Removing stm32f4xx_hal_tim.o(i.HAL_TIM_Encoder_GetState), (6 bytes).
    Removing stm32f4xx_hal_tim.o(i.HAL_TIM_Encoder_Init), (144 bytes).
    Removing stm32f4xx_hal_tim.o(i.HAL_TIM_Encoder_MspDeInit), (2 bytes).
    Removing stm32f4xx_hal_tim.o(i.HAL_TIM_Encoder_MspInit), (2 bytes).
    Removing stm32f4xx_hal_tim.o(i.HAL_TIM_Encoder_Start), (52 bytes).
    Removing stm32f4xx_hal_tim.o(i.HAL_TIM_Encoder_Start_DMA), (272 bytes).
    Removing stm32f4xx_hal_tim.o(i.HAL_TIM_Encoder_Start_IT), (92 bytes).
    Removing stm32f4xx_hal_tim.o(i.HAL_TIM_Encoder_Stop), (74 bytes).
    Removing stm32f4xx_hal_tim.o(i.HAL_TIM_Encoder_Stop_DMA), (120 bytes).
    Removing stm32f4xx_hal_tim.o(i.HAL_TIM_Encoder_Stop_IT), (120 bytes).
    Removing stm32f4xx_hal_tim.o(i.HAL_TIM_ErrorCallback), (2 bytes).
    Removing stm32f4xx_hal_tim.o(i.HAL_TIM_GenerateEvent), (38 bytes).
    Removing stm32f4xx_hal_tim.o(i.HAL_TIM_IC_ConfigChannel), (262 bytes).
    Removing stm32f4xx_hal_tim.o(i.HAL_TIM_IC_DeInit), (54 bytes).
    Removing stm32f4xx_hal_tim.o(i.HAL_TIM_IC_GetState), (6 bytes).
    Removing stm32f4xx_hal_tim.o(i.HAL_TIM_IC_Init), (48 bytes).
    Removing stm32f4xx_hal_tim.o(i.HAL_TIM_IC_MspDeInit), (2 bytes).
    Removing stm32f4xx_hal_tim.o(i.HAL_TIM_IC_MspInit), (2 bytes).
    Removing stm32f4xx_hal_tim.o(i.HAL_TIM_IC_Start), (26 bytes).
    Removing stm32f4xx_hal_tim.o(i.HAL_TIM_IC_Start_DMA), (200 bytes).
    Removing stm32f4xx_hal_tim.o(i.HAL_TIM_IC_Start_IT), (76 bytes).
    Removing stm32f4xx_hal_tim.o(i.HAL_TIM_IC_Stop), (44 bytes).
    Removing stm32f4xx_hal_tim.o(i.HAL_TIM_IC_Stop_DMA), (104 bytes).
    Removing stm32f4xx_hal_tim.o(i.HAL_TIM_IC_Stop_IT), (98 bytes).
    Removing stm32f4xx_hal_tim.o(i.HAL_TIM_OC_ConfigChannel), (84 bytes).
    Removing stm32f4xx_hal_tim.o(i.HAL_TIM_OC_DeInit), (54 bytes).
    Removing stm32f4xx_hal_tim.o(i.HAL_TIM_OC_GetState), (6 bytes).
    Removing stm32f4xx_hal_tim.o(i.HAL_TIM_OC_Init), (48 bytes).
    Removing stm32f4xx_hal_tim.o(i.HAL_TIM_OC_MspDeInit), (2 bytes).
    Removing stm32f4xx_hal_tim.o(i.HAL_TIM_OC_MspInit), (2 bytes).
    Removing stm32f4xx_hal_tim.o(i.HAL_TIM_OC_Start), (56 bytes).
    Removing stm32f4xx_hal_tim.o(i.HAL_TIM_OC_Start_DMA), (240 bytes).
    Removing stm32f4xx_hal_tim.o(i.HAL_TIM_OC_Start_IT), (108 bytes).
    Removing stm32f4xx_hal_tim.o(i.HAL_TIM_OC_Stop), (88 bytes).
    Removing stm32f4xx_hal_tim.o(i.HAL_TIM_OC_Stop_DMA), (144 bytes).
    Removing stm32f4xx_hal_tim.o(i.HAL_TIM_OC_Stop_IT), (140 bytes).
    Removing stm32f4xx_hal_tim.o(i.HAL_TIM_OnePulse_ConfigChannel), (212 bytes).
    Removing stm32f4xx_hal_tim.o(i.HAL_TIM_OnePulse_DeInit), (54 bytes).
    Removing stm32f4xx_hal_tim.o(i.HAL_TIM_OnePulse_GetState), (6 bytes).
    Removing stm32f4xx_hal_tim.o(i.HAL_TIM_OnePulse_Init), (68 bytes).
    Removing stm32f4xx_hal_tim.o(i.HAL_TIM_OnePulse_MspDeInit), (2 bytes).
    Removing stm32f4xx_hal_tim.o(i.HAL_TIM_OnePulse_MspInit), (2 bytes).
    Removing stm32f4xx_hal_tim.o(i.HAL_TIM_OnePulse_Start), (60 bytes).
    Removing stm32f4xx_hal_tim.o(i.HAL_TIM_OnePulse_Start_IT), (80 bytes).
    Removing stm32f4xx_hal_tim.o(i.HAL_TIM_OnePulse_Stop), (100 bytes).
    Removing stm32f4xx_hal_tim.o(i.HAL_TIM_OnePulse_Stop_IT), (120 bytes).
    Removing stm32f4xx_hal_tim.o(i.HAL_TIM_PWM_ConfigChannel), (206 bytes).
    Removing stm32f4xx_hal_tim.o(i.HAL_TIM_PWM_DeInit), (54 bytes).
    Removing stm32f4xx_hal_tim.o(i.HAL_TIM_PWM_GetState), (6 bytes).
    Removing stm32f4xx_hal_tim.o(i.HAL_TIM_PWM_Init), (48 bytes).
    Removing stm32f4xx_hal_tim.o(i.HAL_TIM_PWM_MspDeInit), (2 bytes).
    Removing stm32f4xx_hal_tim.o(i.HAL_TIM_PWM_MspInit), (2 bytes).
    Removing stm32f4xx_hal_tim.o(i.HAL_TIM_PWM_Start), (56 bytes).
    Removing stm32f4xx_hal_tim.o(i.HAL_TIM_PWM_Start_DMA), (240 bytes).
    Removing stm32f4xx_hal_tim.o(i.HAL_TIM_PWM_Start_IT), (108 bytes).
    Removing stm32f4xx_hal_tim.o(i.HAL_TIM_PWM_Stop), (92 bytes).
    Removing stm32f4xx_hal_tim.o(i.HAL_TIM_PWM_Stop_DMA), (144 bytes).
    Removing stm32f4xx_hal_tim.o(i.HAL_TIM_PWM_Stop_IT), (140 bytes).
    Removing stm32f4xx_hal_tim.o(i.HAL_TIM_ReadCapturedValue), (68 bytes).
    Removing stm32f4xx_hal_tim.o(i.HAL_TIM_SlaveConfigSynchronization), (158 bytes).
    Removing stm32f4xx_hal_tim.o(i.TIM_CCxChannelCmd), (22 bytes).
    Removing stm32f4xx_hal_tim.o(i.TIM_DMAPeriodElapsedCplt), (16 bytes).
    Removing stm32f4xx_hal_tim.o(i.TIM_DMATriggerCplt), (16 bytes).
    Removing stm32f4xx_hal_tim.o(i.TIM_ETR_SetConfig), (20 bytes).
    Removing stm32f4xx_hal_tim.o(i.TIM_ITRx_SetConfig), (16 bytes).
    Removing stm32f4xx_hal_tim.o(i.TIM_OC1_SetConfig), (88 bytes).
    Removing stm32f4xx_hal_tim.o(i.TIM_OC2_SetConfig), (100 bytes).
    Removing stm32f4xx_hal_tim.o(i.TIM_OC3_SetConfig), (96 bytes).
    Removing stm32f4xx_hal_tim.o(i.TIM_OC4_SetConfig), (80 bytes).
    Removing stm32f4xx_hal_tim.o(i.TIM_TI1_ConfigInputStage), (34 bytes).
    Removing stm32f4xx_hal_tim.o(i.TIM_TI1_SetConfig), (128 bytes).
    Removing stm32f4xx_hal_tim.o(i.TIM_TI2_ConfigInputStage), (36 bytes).
    Removing stm32f4xx_hal_tim.o(i.TIM_TI2_SetConfig), (44 bytes).
    Removing stm32f4xx_hal_tim_ex.o(.rev16_text), (4 bytes).
    Removing stm32f4xx_hal_tim_ex.o(.revsh_text), (4 bytes).
    Removing stm32f4xx_hal_tim_ex.o(i.HAL_TIMEx_ConfigBreakDeadTime), (66 bytes).
    Removing stm32f4xx_hal_tim_ex.o(i.HAL_TIMEx_ConfigCommutationEvent), (92 bytes).
    Removing stm32f4xx_hal_tim_ex.o(i.HAL_TIMEx_ConfigCommutationEvent_DMA), (124 bytes).
    Removing stm32f4xx_hal_tim_ex.o(i.HAL_TIMEx_ConfigCommutationEvent_IT), (102 bytes).
    Removing stm32f4xx_hal_tim_ex.o(i.HAL_TIMEx_DMACommutationCplt), (16 bytes).
    Removing stm32f4xx_hal_tim_ex.o(i.HAL_TIMEx_HallSensor_DeInit), (54 bytes).
    Removing stm32f4xx_hal_tim_ex.o(i.HAL_TIMEx_HallSensor_GetState), (6 bytes).
    Removing stm32f4xx_hal_tim_ex.o(i.HAL_TIMEx_HallSensor_Init), (176 bytes).
    Removing stm32f4xx_hal_tim_ex.o(i.HAL_TIMEx_HallSensor_MspDeInit), (2 bytes).
    Removing stm32f4xx_hal_tim_ex.o(i.HAL_TIMEx_HallSensor_MspInit), (2 bytes).
    Removing stm32f4xx_hal_tim_ex.o(i.HAL_TIMEx_HallSensor_Start), (28 bytes).
    Removing stm32f4xx_hal_tim_ex.o(i.HAL_TIMEx_HallSensor_Start_DMA), (104 bytes).
    Removing stm32f4xx_hal_tim_ex.o(i.HAL_TIMEx_HallSensor_Start_IT), (38 bytes).
    Removing stm32f4xx_hal_tim_ex.o(i.HAL_TIMEx_HallSensor_Stop), (46 bytes).
    Removing stm32f4xx_hal_tim_ex.o(i.HAL_TIMEx_HallSensor_Stop_DMA), (56 bytes).
    Removing stm32f4xx_hal_tim_ex.o(i.HAL_TIMEx_HallSensor_Stop_IT), (56 bytes).
    Removing stm32f4xx_hal_tim_ex.o(i.HAL_TIMEx_OCN_Start), (36 bytes).
    Removing stm32f4xx_hal_tim_ex.o(i.HAL_TIMEx_OCN_Start_DMA), (220 bytes).
    Removing stm32f4xx_hal_tim_ex.o(i.HAL_TIMEx_OCN_Start_IT), (86 bytes).
    Removing stm32f4xx_hal_tim_ex.o(i.HAL_TIMEx_OCN_Stop), (68 bytes).
    Removing stm32f4xx_hal_tim_ex.o(i.HAL_TIMEx_OCN_Stop_DMA), (126 bytes).
    Removing stm32f4xx_hal_tim_ex.o(i.HAL_TIMEx_OCN_Stop_IT), (120 bytes).
    Removing stm32f4xx_hal_tim_ex.o(i.HAL_TIMEx_OnePulseN_Start), (26 bytes).
    Removing stm32f4xx_hal_tim_ex.o(i.HAL_TIMEx_OnePulseN_Start_IT), (46 bytes).
    Removing stm32f4xx_hal_tim_ex.o(i.HAL_TIMEx_OnePulseN_Stop), (68 bytes).
    Removing stm32f4xx_hal_tim_ex.o(i.HAL_TIMEx_OnePulseN_Stop_IT), (88 bytes).
    Removing stm32f4xx_hal_tim_ex.o(i.HAL_TIMEx_PWMN_Start), (36 bytes).
    Removing stm32f4xx_hal_tim_ex.o(i.HAL_TIMEx_PWMN_Start_DMA), (220 bytes).
    Removing stm32f4xx_hal_tim_ex.o(i.HAL_TIMEx_PWMN_Start_IT), (96 bytes).
    Removing stm32f4xx_hal_tim_ex.o(i.HAL_TIMEx_PWMN_Stop), (68 bytes).
    Removing stm32f4xx_hal_tim_ex.o(i.HAL_TIMEx_PWMN_Stop_DMA), (126 bytes).
    Removing stm32f4xx_hal_tim_ex.o(i.HAL_TIMEx_PWMN_Stop_IT), (130 bytes).
    Removing stm32f4xx_hal_tim_ex.o(i.HAL_TIMEx_RemapConfig), (34 bytes).
    Removing stm32f4xx_hal_tim_ex.o(i.TIM_CCxNChannelCmd), (22 bytes).
    Removing stm32f4xx_hal_i2c.o(.rev16_text), (4 bytes).
    Removing stm32f4xx_hal_i2c.o(.revsh_text), (4 bytes).
    Removing stm32f4xx_hal_i2c.o(i.HAL_I2C_DeInit), (44 bytes).
    Removing stm32f4xx_hal_i2c.o(i.HAL_I2C_GetError), (6 bytes).
    Removing stm32f4xx_hal_i2c.o(i.HAL_I2C_GetState), (6 bytes).
    Removing stm32f4xx_hal_i2c.o(i.HAL_I2C_IsDeviceReady), (288 bytes).
    Removing stm32f4xx_hal_i2c.o(i.HAL_I2C_Master_Receive), (448 bytes).
    Removing stm32f4xx_hal_i2c.o(i.HAL_I2C_Master_Receive_DMA), (184 bytes).
    Removing stm32f4xx_hal_i2c.o(i.HAL_I2C_Master_Receive_IT), (180 bytes).
    Removing stm32f4xx_hal_i2c.o(i.HAL_I2C_Master_Transmit), (224 bytes).
    Removing stm32f4xx_hal_i2c.o(i.HAL_I2C_Master_Transmit_DMA), (160 bytes).
    Removing stm32f4xx_hal_i2c.o(i.HAL_I2C_Master_Transmit_IT), (112 bytes).
    Removing stm32f4xx_hal_i2c.o(i.HAL_I2C_Mem_Read_DMA), (196 bytes).
    Removing stm32f4xx_hal_i2c.o(i.HAL_I2C_Mem_Read_IT), (184 bytes).
    Removing stm32f4xx_hal_i2c.o(i.HAL_I2C_Mem_Write), (220 bytes).
    Removing stm32f4xx_hal_i2c.o(i.HAL_I2C_Mem_Write_DMA), (164 bytes).
    Removing stm32f4xx_hal_i2c.o(i.HAL_I2C_Mem_Write_IT), (114 bytes).
    Removing stm32f4xx_hal_i2c.o(i.HAL_I2C_MspDeInit), (2 bytes).
    Removing stm32f4xx_hal_i2c.o(i.HAL_I2C_MspInit), (2 bytes).
    Removing stm32f4xx_hal_i2c.o(i.HAL_I2C_Slave_Receive), (244 bytes).
    Removing stm32f4xx_hal_i2c.o(i.HAL_I2C_Slave_Receive_DMA), (164 bytes).
    Removing stm32f4xx_hal_i2c.o(i.HAL_I2C_Slave_Receive_IT), (86 bytes).
    Removing stm32f4xx_hal_i2c.o(i.HAL_I2C_Slave_Transmit), (276 bytes).
    Removing stm32f4xx_hal_i2c.o(i.HAL_I2C_Slave_Transmit_DMA), (200 bytes).
    Removing stm32f4xx_hal_i2c.o(i.HAL_I2C_Slave_Transmit_IT), (86 bytes).
    Removing stm32f4xx_hal_i2c.o(i.I2C_DMAError), (42 bytes).
    Removing stm32f4xx_hal_i2c.o(i.I2C_DMAMasterReceiveCplt), (108 bytes).
    Removing stm32f4xx_hal_i2c.o(i.I2C_DMAMasterTransmitCplt), (116 bytes).
    Removing stm32f4xx_hal_i2c.o(i.I2C_DMAMemReceiveCplt), (108 bytes).
    Removing stm32f4xx_hal_i2c.o(i.I2C_DMAMemTransmitCplt), (116 bytes).
    Removing stm32f4xx_hal_i2c.o(i.I2C_DMASlaveReceiveCplt), (128 bytes).
    Removing stm32f4xx_hal_i2c.o(i.I2C_DMASlaveTransmitCplt), (124 bytes).
    Removing stm32f4xx_hal_i2c.o(i.I2C_MasterRequestRead), (188 bytes).
    Removing stm32f4xx_hal_i2c.o(i.I2C_MasterRequestWrite), (120 bytes).
    Removing stm32f4xx_hal_i2c.o(i.I2C_RequestMemoryWrite), (144 bytes).
    Removing stm32f4xx_hal_i2c_ex.o(.rev16_text), (4 bytes).
    Removing stm32f4xx_hal_i2c_ex.o(.revsh_text), (4 bytes).

327 unused section(s) (total 31066 bytes) removed from the image.

==============================================================================

Image Symbol Table

    Local Symbols

    Symbol Name                              Value     Ov Type        Size  Object(Section)

    ../clib/microlib/init/entry.s            0x00000000   Number         0  entry9b.o ABSOLUTE
    ../clib/microlib/init/entry.s            0x00000000   Number         0  entry9a.o ABSOLUTE
    ../clib/microlib/init/entry.s            0x00000000   Number         0  entry8b.o ABSOLUTE
    ../clib/microlib/init/entry.s            0x00000000   Number         0  entry8a.o ABSOLUTE
    ../clib/microlib/init/entry.s            0x00000000   Number         0  entry7b.o ABSOLUTE
    ../clib/microlib/init/entry.s            0x00000000   Number         0  entry7a.o ABSOLUTE
    ../clib/microlib/init/entry.s            0x00000000   Number         0  entry5.o ABSOLUTE
    ../clib/microlib/init/entry.s            0x00000000   Number         0  entry2.o ABSOLUTE
    ../clib/microlib/init/entry.s            0x00000000   Number         0  entry.o ABSOLUTE
    ../clib/microlib/init/entry.s            0x00000000   Number         0  entry10b.o ABSOLUTE
    ../clib/microlib/init/entry.s            0x00000000   Number         0  entry11a.o ABSOLUTE
    ../clib/microlib/init/entry.s            0x00000000   Number         0  entry11b.o ABSOLUTE
    ../clib/microlib/init/entry.s            0x00000000   Number         0  entry10a.o ABSOLUTE
    ..\..\Drivers\CMSIS\Device\ST\STM32F4xx\Source\Templates\arm\startup_stm32f407xx.s 0x00000000   Number         0  startup_stm32f407xx.o ABSOLUTE
    ..\..\Drivers\CMSIS\Device\ST\STM32F4xx\Source\Templates\system_stm32f4xx.c 0x00000000   Number         0  system_stm32f4xx.o ABSOLUTE
    ..\..\Drivers\STM32F4xx_HAL_Driver\Src\stm32f4xx_hal.c 0x00000000   Number         0  stm32f4xx_hal.o ABSOLUTE
    ..\..\Drivers\STM32F4xx_HAL_Driver\Src\stm32f4xx_hal_cortex.c 0x00000000   Number         0  stm32f4xx_hal_cortex.o ABSOLUTE
    ..\..\Drivers\STM32F4xx_HAL_Driver\Src\stm32f4xx_hal_crc.c 0x00000000   Number         0  stm32f4xx_hal_crc.o ABSOLUTE
    ..\..\Drivers\STM32F4xx_HAL_Driver\Src\stm32f4xx_hal_dcmi.c 0x00000000   Number         0  stm32f4xx_hal_dcmi.o ABSOLUTE
    ..\..\Drivers\STM32F4xx_HAL_Driver\Src\stm32f4xx_hal_dma.c 0x00000000   Number         0  stm32f4xx_hal_dma.o ABSOLUTE
    ..\..\Drivers\STM32F4xx_HAL_Driver\Src\stm32f4xx_hal_dma_ex.c 0x00000000   Number         0  stm32f4xx_hal_dma_ex.o ABSOLUTE
    ..\..\Drivers\STM32F4xx_HAL_Driver\Src\stm32f4xx_hal_flash.c 0x00000000   Number         0  stm32f4xx_hal_flash.o ABSOLUTE
    ..\..\Drivers\STM32F4xx_HAL_Driver\Src\stm32f4xx_hal_flash_ex.c 0x00000000   Number         0  stm32f4xx_hal_flash_ex.o ABSOLUTE
    ..\..\Drivers\STM32F4xx_HAL_Driver\Src\stm32f4xx_hal_flash_ramfunc.c 0x00000000   Number         0  stm32f4xx_hal_flash_ramfunc.o ABSOLUTE
    ..\..\Drivers\STM32F4xx_HAL_Driver\Src\stm32f4xx_hal_gpio.c 0x00000000   Number         0  stm32f4xx_hal_gpio.o ABSOLUTE
    ..\..\Drivers\STM32F4xx_HAL_Driver\Src\stm32f4xx_hal_i2c.c 0x00000000   Number         0  stm32f4xx_hal_i2c.o ABSOLUTE
    ..\..\Drivers\STM32F4xx_HAL_Driver\Src\stm32f4xx_hal_i2c_ex.c 0x00000000   Number         0  stm32f4xx_hal_i2c_ex.o ABSOLUTE
    ..\..\Drivers\STM32F4xx_HAL_Driver\Src\stm32f4xx_hal_pwr.c 0x00000000   Number         0  stm32f4xx_hal_pwr.o ABSOLUTE
    ..\..\Drivers\STM32F4xx_HAL_Driver\Src\stm32f4xx_hal_pwr_ex.c 0x00000000   Number         0  stm32f4xx_hal_pwr_ex.o ABSOLUTE
    ..\..\Drivers\STM32F4xx_HAL_Driver\Src\stm32f4xx_hal_rcc.c 0x00000000   Number         0  stm32f4xx_hal_rcc.o ABSOLUTE
    ..\..\Drivers\STM32F4xx_HAL_Driver\Src\stm32f4xx_hal_rcc_ex.c 0x00000000   Number         0  stm32f4xx_hal_rcc_ex.o ABSOLUTE
    ..\..\Drivers\STM32F4xx_HAL_Driver\Src\stm32f4xx_hal_tim.c 0x00000000   Number         0  stm32f4xx_hal_tim.o ABSOLUTE
    ..\..\Drivers\STM32F4xx_HAL_Driver\Src\stm32f4xx_hal_tim_ex.c 0x00000000   Number         0  stm32f4xx_hal_tim_ex.o ABSOLUTE
    ..\..\Src\crc.c                          0x00000000   Number         0  crc.o ABSOLUTE
    ..\..\Src\dcmi.c                         0x00000000   Number         0  dcmi.o ABSOLUTE
    ..\..\Src\dma.c                          0x00000000   Number         0  dma.o ABSOLUTE
    ..\..\Src\gpio.c                         0x00000000   Number         0  gpio.o ABSOLUTE
    ..\..\Src\i2c.c                          0x00000000   Number         0  i2c.o ABSOLUTE
    ..\..\Src\main.c                         0x00000000   Number         0  main.o ABSOLUTE
    ..\..\Src\stm32f4xx_it.c                 0x00000000   Number         0  stm32f4xx_it.o ABSOLUTE
    ..\..\Src\tim.c                          0x00000000   Number         0  tim.o ABSOLUTE
    ..\\..\\Drivers\\CMSIS\\Device\\ST\\STM32F4xx\\Source\\Templates\\system_stm32f4xx.c 0x00000000   Number         0  system_stm32f4xx.o ABSOLUTE
    ..\\..\\Drivers\\STM32F4xx_HAL_Driver\\Src\\stm32f4xx_hal.c 0x00000000   Number         0  stm32f4xx_hal.o ABSOLUTE
    ..\\..\\Drivers\\STM32F4xx_HAL_Driver\\Src\\stm32f4xx_hal_cortex.c 0x00000000   Number         0  stm32f4xx_hal_cortex.o ABSOLUTE
    ..\\..\\Drivers\\STM32F4xx_HAL_Driver\\Src\\stm32f4xx_hal_crc.c 0x00000000   Number         0  stm32f4xx_hal_crc.o ABSOLUTE
    ..\\..\\Drivers\\STM32F4xx_HAL_Driver\\Src\\stm32f4xx_hal_dcmi.c 0x00000000   Number         0  stm32f4xx_hal_dcmi.o ABSOLUTE
    ..\\..\\Drivers\\STM32F4xx_HAL_Driver\\Src\\stm32f4xx_hal_dma.c 0x00000000   Number         0  stm32f4xx_hal_dma.o ABSOLUTE
    ..\\..\\Drivers\\STM32F4xx_HAL_Driver\\Src\\stm32f4xx_hal_dma_ex.c 0x00000000   Number         0  stm32f4xx_hal_dma_ex.o ABSOLUTE
    ..\\..\\Drivers\\STM32F4xx_HAL_Driver\\Src\\stm32f4xx_hal_flash.c 0x00000000   Number         0  stm32f4xx_hal_flash.o ABSOLUTE
    ..\\..\\Drivers\\STM32F4xx_HAL_Driver\\Src\\stm32f4xx_hal_flash_ex.c 0x00000000   Number         0  stm32f4xx_hal_flash_ex.o ABSOLUTE
    ..\\..\\Drivers\\STM32F4xx_HAL_Driver\\Src\\stm32f4xx_hal_flash_ramfunc.c 0x00000000   Number         0  stm32f4xx_hal_flash_ramfunc.o ABSOLUTE
    ..\\..\\Drivers\\STM32F4xx_HAL_Driver\\Src\\stm32f4xx_hal_gpio.c 0x00000000   Number         0  stm32f4xx_hal_gpio.o ABSOLUTE
    ..\\..\\Drivers\\STM32F4xx_HAL_Driver\\Src\\stm32f4xx_hal_i2c.c 0x00000000   Number         0  stm32f4xx_hal_i2c.o ABSOLUTE
    ..\\..\\Drivers\\STM32F4xx_HAL_Driver\\Src\\stm32f4xx_hal_i2c_ex.c 0x00000000   Number         0  stm32f4xx_hal_i2c_ex.o ABSOLUTE
    ..\\..\\Drivers\\STM32F4xx_HAL_Driver\\Src\\stm32f4xx_hal_pwr.c 0x00000000   Number         0  stm32f4xx_hal_pwr.o ABSOLUTE
    ..\\..\\Drivers\\STM32F4xx_HAL_Driver\\Src\\stm32f4xx_hal_pwr_ex.c 0x00000000   Number         0  stm32f4xx_hal_pwr_ex.o ABSOLUTE
    ..\\..\\Drivers\\STM32F4xx_HAL_Driver\\Src\\stm32f4xx_hal_rcc.c 0x00000000   Number         0  stm32f4xx_hal_rcc.o ABSOLUTE
    ..\\..\\Drivers\\STM32F4xx_HAL_Driver\\Src\\stm32f4xx_hal_rcc_ex.c 0x00000000   Number         0  stm32f4xx_hal_rcc_ex.o ABSOLUTE
    ..\\..\\Drivers\\STM32F4xx_HAL_Driver\\Src\\stm32f4xx_hal_tim.c 0x00000000   Number         0  stm32f4xx_hal_tim.o ABSOLUTE
    ..\\..\\Drivers\\STM32F4xx_HAL_Driver\\Src\\stm32f4xx_hal_tim_ex.c 0x00000000   Number         0  stm32f4xx_hal_tim_ex.o ABSOLUTE
    ..\\..\\Src\\crc.c                       0x00000000   Number         0  crc.o ABSOLUTE
    ..\\..\\Src\\dcmi.c                      0x00000000   Number         0  dcmi.o ABSOLUTE
    ..\\..\\Src\\dma.c                       0x00000000   Number         0  dma.o ABSOLUTE
    ..\\..\\Src\\gpio.c                      0x00000000   Number         0  gpio.o ABSOLUTE
    ..\\..\\Src\\i2c.c                       0x00000000   Number         0  i2c.o ABSOLUTE
    ..\\..\\Src\\main.c                      0x00000000   Number         0  main.o ABSOLUTE
    ..\\..\\Src\\stm32f4xx_it.c              0x00000000   Number         0  stm32f4xx_it.o ABSOLUTE
    ..\\..\\Src\\tim.c                       0x00000000   Number         0  tim.o ABSOLUTE
    dc.s                                     0x00000000   Number         0  dc.o ABSOLUTE
    handlers.s                               0x00000000   Number         0  handlers.o ABSOLUTE
    init.s                                   0x00000000   Number         0  init.o ABSOLUTE
    RESET                                    0x08000000   Section      392  startup_stm32f407xx.o(RESET)
    .ARM.Collect$$$$00000000                 0x08000188   Section        0  entry.o(.ARM.Collect$$$$00000000)
    .ARM.Collect$$$$00000001                 0x08000188   Section        4  entry2.o(.ARM.Collect$$$$00000001)
    .ARM.Collect$$$$00000004                 0x0800018c   Section        4  entry5.o(.ARM.Collect$$$$00000004)
    .ARM.Collect$$$$00000008                 0x08000190   Section        0  entry7b.o(.ARM.Collect$$$$00000008)
    .ARM.Collect$$$$0000000A                 0x08000190   Section        0  entry8b.o(.ARM.Collect$$$$0000000A)
    .ARM.Collect$$$$0000000B                 0x08000190   Section        8  entry9a.o(.ARM.Collect$$$$0000000B)
    .ARM.Collect$$$$0000000D                 0x08000198   Section        0  entry10a.o(.ARM.Collect$$$$0000000D)
    .ARM.Collect$$$$0000000F                 0x08000198   Section        0  entry11a.o(.ARM.Collect$$$$0000000F)
    .ARM.Collect$$$$00002712                 0x08000198   Section        4  entry2.o(.ARM.Collect$$$$00002712)
    __lit__00000000                          0x08000198   Data           4  entry2.o(.ARM.Collect$$$$00002712)
    .text                                    0x0800019c   Section       36  startup_stm32f407xx.o(.text)
    $v0                                      0x0800019c   Number         0  startup_stm32f407xx.o(.text)
    .text                                    0x080001c0   Section       36  init.o(.text)
    i.DCMI_DMAConvCplt                       0x080001e4   Section        0  stm32f4xx_hal_dcmi.o(i.DCMI_DMAConvCplt)
    DCMI_DMAConvCplt                         0x080001e5   Thumb Code   130  stm32f4xx_hal_dcmi.o(i.DCMI_DMAConvCplt)
    i.DCMI_DMAError                          0x08000266   Section        0  stm32f4xx_hal_dcmi.o(i.DCMI_DMAError)
    DCMI_DMAError                            0x08000267   Thumb Code    16  stm32f4xx_hal_dcmi.o(i.DCMI_DMAError)
    i.DCMI_IRQHandler                        0x08000278   Section        0  stm32f4xx_it.o(i.DCMI_IRQHandler)
    i.DMA_MultiBufferSetConfig               0x08000290   Section        0  stm32f4xx_hal_dma_ex.o(i.DMA_MultiBufferSetConfig)
    DMA_MultiBufferSetConfig                 0x08000291   Thumb Code    30  stm32f4xx_hal_dma_ex.o(i.DMA_MultiBufferSetConfig)
    i.DMA_SetConfig                          0x080002ae   Section        0  stm32f4xx_hal_dma.o(i.DMA_SetConfig)
    DMA_SetConfig                            0x080002af   Thumb Code    30  stm32f4xx_hal_dma.o(i.DMA_SetConfig)
    i.HAL_CRC_Init                           0x080002cc   Section        0  stm32f4xx_hal_crc.o(i.HAL_CRC_Init)
    i.HAL_CRC_MspInit                        0x080002f0   Section        0  crc.o(i.HAL_CRC_MspInit)
    i.HAL_DCMI_ErrorCallback                 0x0800030c   Section        0  main.o(i.HAL_DCMI_ErrorCallback)
    i.HAL_DCMI_FrameEventCallback            0x08000324   Section        0  main.o(i.HAL_DCMI_FrameEventCallback)
    i.HAL_DCMI_GetError                      0x08000344   Section        0  stm32f4xx_hal_dcmi.o(i.HAL_DCMI_GetError)
    i.HAL_DCMI_IRQHandler                    0x08000348   Section        0  stm32f4xx_hal_dcmi.o(i.HAL_DCMI_IRQHandler)
    i.HAL_DCMI_Init                          0x0800042c   Section        0  stm32f4xx_hal_dcmi.o(i.HAL_DCMI_Init)
    i.HAL_DCMI_LineEventCallback             0x080004d8   Section        0  main.o(i.HAL_DCMI_LineEventCallback)
    i.HAL_DCMI_MspInit                       0x080004e8   Section        0  dcmi.o(i.HAL_DCMI_MspInit)
    i.HAL_DCMI_Start_DMA                     0x080005bc   Section        0  stm32f4xx_hal_dcmi.o(i.HAL_DCMI_Start_DMA)
    i.HAL_DCMI_VsyncEventCallback            0x0800065c   Section        0  main.o(i.HAL_DCMI_VsyncEventCallback)
    i.HAL_DMAEx_ChangeMemory                 0x08000674   Section        0  stm32f4xx_hal_dma_ex.o(i.HAL_DMAEx_ChangeMemory)
    i.HAL_DMAEx_MultiBufferStart_IT          0x08000682   Section        0  stm32f4xx_hal_dma_ex.o(i.HAL_DMAEx_MultiBufferStart_IT)
    i.HAL_DMA_Abort                          0x08000710   Section        0  stm32f4xx_hal_dma.o(i.HAL_DMA_Abort)
    i.HAL_DMA_Init                           0x08000764   Section        0  stm32f4xx_hal_dma.o(i.HAL_DMA_Init)
    i.HAL_DMA_Start_IT                       0x080007d4   Section        0  stm32f4xx_hal_dma.o(i.HAL_DMA_Start_IT)
    i.HAL_Delay                              0x08000840   Section        0  stm32f4xx_hal.o(i.HAL_Delay)
    i.HAL_GPIO_Init                          0x08000858   Section        0  stm32f4xx_hal_gpio.o(i.HAL_GPIO_Init)
    i.HAL_GPIO_WritePin                      0x08000a20   Section        0  stm32f4xx_hal_gpio.o(i.HAL_GPIO_WritePin)
    i.HAL_GetTick                            0x08000a2c   Section        0  stm32f4xx_hal.o(i.HAL_GetTick)
    i.HAL_I2C_ER_IRQHandler                  0x08000a38   Section        0  stm32f4xx_hal_i2c.o(i.HAL_I2C_ER_IRQHandler)
    i.HAL_I2C_EV_IRQHandler                  0x08000b38   Section        0  stm32f4xx_hal_i2c.o(i.HAL_I2C_EV_IRQHandler)
    i.HAL_I2C_ErrorCallback                  0x08000cc8   Section        0  stm32f4xx_hal_i2c.o(i.HAL_I2C_ErrorCallback)
    i.HAL_I2C_Init                           0x08000ccc   Section        0  stm32f4xx_hal_i2c.o(i.HAL_I2C_Init)
    i.HAL_I2C_MasterRxCpltCallback           0x08000dc4   Section        0  stm32f4xx_hal_i2c.o(i.HAL_I2C_MasterRxCpltCallback)
    i.HAL_I2C_MasterTxCpltCallback           0x08000dc6   Section        0  stm32f4xx_hal_i2c.o(i.HAL_I2C_MasterTxCpltCallback)
    i.HAL_I2C_MemRxCpltCallback              0x08000dc8   Section        0  stm32f4xx_hal_i2c.o(i.HAL_I2C_MemRxCpltCallback)
    i.HAL_I2C_MemTxCpltCallback              0x08000dca   Section        0  stm32f4xx_hal_i2c.o(i.HAL_I2C_MemTxCpltCallback)
    i.HAL_I2C_Mem_Read                       0x08000dcc   Section        0  stm32f4xx_hal_i2c.o(i.HAL_I2C_Mem_Read)
    i.HAL_I2C_MspInit                        0x08000f84   Section        0  i2c.o(i.HAL_I2C_MspInit)
    i.HAL_I2C_SlaveRxCpltCallback            0x08001008   Section        0  stm32f4xx_hal_i2c.o(i.HAL_I2C_SlaveRxCpltCallback)
    i.HAL_I2C_SlaveTxCpltCallback            0x0800100a   Section        0  stm32f4xx_hal_i2c.o(i.HAL_I2C_SlaveTxCpltCallback)
    i.HAL_IncTick                            0x0800100c   Section        0  stm32f4xx_hal.o(i.HAL_IncTick)
    i.HAL_Init                               0x0800101c   Section        0  stm32f4xx_hal.o(i.HAL_Init)
    i.HAL_InitTick                           0x08001050   Section        0  stm32f4xx_hal.o(i.HAL_InitTick)
    i.HAL_MspInit                            0x08001072   Section        0  stm32f4xx_hal.o(i.HAL_MspInit)
    i.HAL_NVIC_ClearPendingIRQ               0x08001074   Section        0  stm32f4xx_hal_cortex.o(i.HAL_NVIC_ClearPendingIRQ)
    i.HAL_NVIC_EnableIRQ                     0x0800108c   Section        0  stm32f4xx_hal_cortex.o(i.HAL_NVIC_EnableIRQ)
    i.HAL_NVIC_SetPriority                   0x080010a4   Section        0  stm32f4xx_hal_cortex.o(i.HAL_NVIC_SetPriority)
    i.HAL_NVIC_SetPriorityGrouping           0x080010e4   Section        0  stm32f4xx_hal_cortex.o(i.HAL_NVIC_SetPriorityGrouping)
    i.HAL_RCC_ClockConfig                    0x08001108   Section        0  stm32f4xx_hal_rcc.o(i.HAL_RCC_ClockConfig)
    i.HAL_RCC_GetHCLKFreq                    0x080012c0   Section        0  stm32f4xx_hal_rcc.o(i.HAL_RCC_GetHCLKFreq)
    i.HAL_RCC_GetPCLK1Freq                   0x080012f4   Section        0  stm32f4xx_hal_rcc.o(i.HAL_RCC_GetPCLK1Freq)
    i.HAL_RCC_GetSysClockFreq                0x08001320   Section        0  stm32f4xx_hal_rcc.o(i.HAL_RCC_GetSysClockFreq)
    i.HAL_RCC_OscConfig                      0x080013a4   Section        0  stm32f4xx_hal_rcc.o(i.HAL_RCC_OscConfig)
    i.HAL_SYSTICK_Callback                   0x080016dc   Section        0  stm32f4xx_hal_cortex.o(i.HAL_SYSTICK_Callback)
    i.HAL_SYSTICK_Config                     0x080016de   Section        0  stm32f4xx_hal_cortex.o(i.HAL_SYSTICK_Config)
    i.HAL_SYSTICK_IRQHandler                 0x08001706   Section        0  stm32f4xx_hal_cortex.o(i.HAL_SYSTICK_IRQHandler)
    i.HAL_TIMEx_BreakCallback                0x0800170e   Section        0  stm32f4xx_hal_tim_ex.o(i.HAL_TIMEx_BreakCallback)
    i.HAL_TIMEx_CommutationCallback          0x08001710   Section        0  stm32f4xx_hal_tim_ex.o(i.HAL_TIMEx_CommutationCallback)
    i.HAL_TIMEx_MasterConfigSynchronization  0x08001712   Section        0  stm32f4xx_hal_tim_ex.o(i.HAL_TIMEx_MasterConfigSynchronization)
    i.HAL_TIM_Base_Init                      0x08001762   Section        0  stm32f4xx_hal_tim.o(i.HAL_TIM_Base_Init)
    i.HAL_TIM_Base_MspInit                   0x08001794   Section        0  tim.o(i.HAL_TIM_Base_MspInit)
    i.HAL_TIM_IC_CaptureCallback             0x080017cc   Section        0  stm32f4xx_hal_tim.o(i.HAL_TIM_IC_CaptureCallback)
    i.HAL_TIM_IRQHandler                     0x080017ce   Section        0  stm32f4xx_hal_tim.o(i.HAL_TIM_IRQHandler)
    i.HAL_TIM_OC_DelayElapsedCallback        0x08001934   Section        0  stm32f4xx_hal_tim.o(i.HAL_TIM_OC_DelayElapsedCallback)
    i.HAL_TIM_PWM_PulseFinishedCallback      0x08001936   Section        0  stm32f4xx_hal_tim.o(i.HAL_TIM_PWM_PulseFinishedCallback)
    i.HAL_TIM_PeriodElapsedCallback          0x08001938   Section        0  stm32f4xx_hal_tim.o(i.HAL_TIM_PeriodElapsedCallback)
    i.HAL_TIM_TriggerCallback                0x0800193a   Section        0  stm32f4xx_hal_tim.o(i.HAL_TIM_TriggerCallback)
    i.I2C1_ER_IRQHandler                     0x0800193c   Section        0  stm32f4xx_it.o(i.I2C1_ER_IRQHandler)
    i.I2C1_EV_IRQHandler                     0x08001954   Section        0  stm32f4xx_it.o(i.I2C1_EV_IRQHandler)
    i.I2C_MasterReceive_BTF                  0x0800196c   Section        0  stm32f4xx_hal_i2c.o(i.I2C_MasterReceive_BTF)
    I2C_MasterReceive_BTF                    0x0800196d   Thumb Code   150  stm32f4xx_hal_i2c.o(i.I2C_MasterReceive_BTF)
    i.I2C_MasterReceive_RXNE                 0x08001a08   Section        0  stm32f4xx_hal_i2c.o(i.I2C_MasterReceive_RXNE)
    I2C_MasterReceive_RXNE                   0x08001a09   Thumb Code   122  stm32f4xx_hal_i2c.o(i.I2C_MasterReceive_RXNE)
    i.I2C_MasterTransmit_BTF                 0x08001a88   Section        0  stm32f4xx_hal_i2c.o(i.I2C_MasterTransmit_BTF)
    I2C_MasterTransmit_BTF                   0x08001a89   Thumb Code    94  stm32f4xx_hal_i2c.o(i.I2C_MasterTransmit_BTF)
    i.I2C_RequestMemoryRead                  0x08001aec   Section        0  stm32f4xx_hal_i2c.o(i.I2C_RequestMemoryRead)
    I2C_RequestMemoryRead                    0x08001aed   Thumb Code   220  stm32f4xx_hal_i2c.o(i.I2C_RequestMemoryRead)
    i.I2C_WaitOnFlagUntilTimeout             0x08001bcc   Section        0  stm32f4xx_hal_i2c.o(i.I2C_WaitOnFlagUntilTimeout)
    I2C_WaitOnFlagUntilTimeout               0x08001bcd   Thumb Code   138  stm32f4xx_hal_i2c.o(i.I2C_WaitOnFlagUntilTimeout)
    i.I2C_WaitOnMasterAddressFlagUntilTimeout 0x08001c56   Section        0  stm32f4xx_hal_i2c.o(i.I2C_WaitOnMasterAddressFlagUntilTimeout)
    I2C_WaitOnMasterAddressFlagUntilTimeout  0x08001c57   Thumb Code   136  stm32f4xx_hal_i2c.o(i.I2C_WaitOnMasterAddressFlagUntilTimeout)
    i.MX_CRC_Init                            0x08001ce0   Section        0  crc.o(i.MX_CRC_Init)
    i.MX_DCMI_Init                           0x08001cf4   Section        0  dcmi.o(i.MX_DCMI_Init)
    i.MX_DMA_Init                            0x08001d18   Section        0  dma.o(i.MX_DMA_Init)
    i.MX_GPIO_Init                           0x08001d28   Section        0  gpio.o(i.MX_GPIO_Init)
    i.MX_I2C1_Init                           0x08001d90   Section        0  i2c.o(i.MX_I2C1_Init)
    i.MX_TIM7_Init                           0x08001dc0   Section        0  tim.o(i.MX_TIM7_Init)
    i.NVIC_SetPriority                       0x08001df4   Section        0  stm32f4xx_hal_cortex.o(i.NVIC_SetPriority)
    NVIC_SetPriority                         0x08001df5   Thumb Code    22  stm32f4xx_hal_cortex.o(i.NVIC_SetPriority)
    i.SysTick_Handler                        0x08001e14   Section        0  stm32f4xx_it.o(i.SysTick_Handler)
    i.SystemClock_Config                     0x08001e24   Section        0  main.o(i.SystemClock_Config)
    i.SystemInit                             0x08001e88   Section        0  system_stm32f4xx.o(i.SystemInit)
    i.TIM7_IRQHandler                        0x08001edc   Section        0  stm32f4xx_it.o(i.TIM7_IRQHandler)
    i.TIM_Base_SetConfig                     0x08001ef4   Section        0  stm32f4xx_hal_tim.o(i.TIM_Base_SetConfig)
    i.__scatterload_copy                     0x08001fb4   Section       14  handlers.o(i.__scatterload_copy)
    i.__scatterload_null                     0x08001fc2   Section        2  handlers.o(i.__scatterload_null)
    i.__scatterload_zeroinit                 0x08001fc4   Section       14  handlers.o(i.__scatterload_zeroinit)
    i.main                                   0x08001fd4   Section        0  main.o(i.main)
    .constdata                               0x08002090   Section       16  stm32f4xx_hal_rcc.o(.constdata)
    .data                                    0x20000000   Section        8  crc.o(.data)
    .data                                    0x20000008   Section       20  main.o(.data)
    .data                                    0x2000001c   Section       20  system_stm32f4xx.o(.data)
    .data                                    0x20000030   Section        4  stm32f4xx_hal.o(.data)
    uwTick                                   0x20000030   Data           4  stm32f4xx_hal.o(.data)
    .bss                                     0x20000034   Section      144  dcmi.o(.bss)
    .bss                                     0x200000c4   Section     2560  main.o(.bss)
    .bss                                     0x20000ac4   Section       60  tim.o(.bss)
    .bss                                     0x20000b00   Section       56  i2c.o(.bss)
    STACK                                    0x20000b38   Section     1024  startup_stm32f407xx.o(STACK)

    Global Symbols

    Symbol Name                              Value     Ov Type        Size  Object(Section)

    BuildAttributes$$THM_ISAv4$E$P$D$K$B$S$7EM$VFPi3$EXTD16$VFPS$VFMA$PE$A:L22UL41UL21$X:L11$S22US41US21$IEEE1$IW$USESV6$~STKCKD$USESV7$~SHL$OSPACE$EBA8$MICROLIB$REQ8$PRES8$EABIv2 0x00000000   Number         0  anon$$obj.o ABSOLUTE
    __ARM_use_no_argv                        0x00000000   Number         0  main.o ABSOLUTE
    __cpp_initialize__aeabi_                  - Undefined Weak Reference
    __cxa_finalize                            - Undefined Weak Reference
    __decompress                              - Undefined Weak Reference
    _clock_init                               - Undefined Weak Reference
    _microlib_exit                            - Undefined Weak Reference
    __Vectors_Size                           0x00000188   Number         0  startup_stm32f407xx.o ABSOLUTE
    __Vectors                                0x08000000   Data           4  startup_stm32f407xx.o(RESET)
    __Vectors_End                            0x08000188   Data           0  startup_stm32f407xx.o(RESET)
    __main                                   0x08000189   Thumb Code     0  entry.o(.ARM.Collect$$$$00000000)
    _main_stk                                0x08000189   Thumb Code     0  entry2.o(.ARM.Collect$$$$00000001)
    _main_scatterload                        0x0800018d   Thumb Code     0  entry5.o(.ARM.Collect$$$$00000004)
    __main_after_scatterload                 0x08000191   Thumb Code     0  entry5.o(.ARM.Collect$$$$00000004)
    _main_clock                              0x08000191   Thumb Code     0  entry7b.o(.ARM.Collect$$$$00000008)
    _main_cpp_init                           0x08000191   Thumb Code     0  entry8b.o(.ARM.Collect$$$$0000000A)
    _main_init                               0x08000191   Thumb Code     0  entry9a.o(.ARM.Collect$$$$0000000B)
    __rt_final_cpp                           0x08000199   Thumb Code     0  entry10a.o(.ARM.Collect$$$$0000000D)
    __rt_final_exit                          0x08000199   Thumb Code     0  entry11a.o(.ARM.Collect$$$$0000000F)
    Reset_Handler                            0x0800019d   Thumb Code     8  startup_stm32f407xx.o(.text)
    NMI_Handler                              0x080001a5   Thumb Code     2  startup_stm32f407xx.o(.text)
    HardFault_Handler                        0x080001a7   Thumb Code     2  startup_stm32f407xx.o(.text)
    MemManage_Handler                        0x080001a9   Thumb Code     2  startup_stm32f407xx.o(.text)
    BusFault_Handler                         0x080001ab   Thumb Code     2  startup_stm32f407xx.o(.text)
    UsageFault_Handler                       0x080001ad   Thumb Code     2  startup_stm32f407xx.o(.text)
    SVC_Handler                              0x080001af   Thumb Code     2  startup_stm32f407xx.o(.text)
    DebugMon_Handler                         0x080001b1   Thumb Code     2  startup_stm32f407xx.o(.text)
    PendSV_Handler                           0x080001b3   Thumb Code     2  startup_stm32f407xx.o(.text)
    ADC_IRQHandler                           0x080001b7   Thumb Code     0  startup_stm32f407xx.o(.text)
    CAN1_RX0_IRQHandler                      0x080001b7   Thumb Code     0  startup_stm32f407xx.o(.text)
    CAN1_RX1_IRQHandler                      0x080001b7   Thumb Code     0  startup_stm32f407xx.o(.text)
    CAN1_SCE_IRQHandler                      0x080001b7   Thumb Code     0  startup_stm32f407xx.o(.text)
    CAN1_TX_IRQHandler                       0x080001b7   Thumb Code     0  startup_stm32f407xx.o(.text)
    CAN2_RX0_IRQHandler                      0x080001b7   Thumb Code     0  startup_stm32f407xx.o(.text)
    CAN2_RX1_IRQHandler                      0x080001b7   Thumb Code     0  startup_stm32f407xx.o(.text)
    CAN2_SCE_IRQHandler                      0x080001b7   Thumb Code     0  startup_stm32f407xx.o(.text)
    CAN2_TX_IRQHandler                       0x080001b7   Thumb Code     0  startup_stm32f407xx.o(.text)
    DMA1_Stream0_IRQHandler                  0x080001b7   Thumb Code     0  startup_stm32f407xx.o(.text)
    DMA1_Stream1_IRQHandler                  0x080001b7   Thumb Code     0  startup_stm32f407xx.o(.text)
    DMA1_Stream2_IRQHandler                  0x080001b7   Thumb Code     0  startup_stm32f407xx.o(.text)
    DMA1_Stream3_IRQHandler                  0x080001b7   Thumb Code     0  startup_stm32f407xx.o(.text)
    DMA1_Stream4_IRQHandler                  0x080001b7   Thumb Code     0  startup_stm32f407xx.o(.text)
    DMA1_Stream5_IRQHandler                  0x080001b7   Thumb Code     0  startup_stm32f407xx.o(.text)
    DMA1_Stream6_IRQHandler                  0x080001b7   Thumb Code     0  startup_stm32f407xx.o(.text)
    DMA1_Stream7_IRQHandler                  0x080001b7   Thumb Code     0  startup_stm32f407xx.o(.text)
    DMA2_Stream0_IRQHandler                  0x080001b7   Thumb Code     0  startup_stm32f407xx.o(.text)
    DMA2_Stream1_IRQHandler                  0x080001b7   Thumb Code     0  startup_stm32f407xx.o(.text)
    DMA2_Stream2_IRQHandler                  0x080001b7   Thumb Code     0  startup_stm32f407xx.o(.text)
    DMA2_Stream3_IRQHandler                  0x080001b7   Thumb Code     0  startup_stm32f407xx.o(.text)
    DMA2_Stream4_IRQHandler                  0x080001b7   Thumb Code     0  startup_stm32f407xx.o(.text)
    DMA2_Stream5_IRQHandler                  0x080001b7   Thumb Code     0  startup_stm32f407xx.o(.text)
    DMA2_Stream6_IRQHandler                  0x080001b7   Thumb Code     0  startup_stm32f407xx.o(.text)
    DMA2_Stream7_IRQHandler                  0x080001b7   Thumb Code     0  startup_stm32f407xx.o(.text)
    ETH_IRQHandler                           0x080001b7   Thumb Code     0  startup_stm32f407xx.o(.text)
    ETH_WKUP_IRQHandler                      0x080001b7   Thumb Code     0  startup_stm32f407xx.o(.text)
    EXTI0_IRQHandler                         0x080001b7   Thumb Code     0  startup_stm32f407xx.o(.text)
    EXTI15_10_IRQHandler                     0x080001b7   Thumb Code     0  startup_stm32f407xx.o(.text)
    EXTI1_IRQHandler                         0x080001b7   Thumb Code     0  startup_stm32f407xx.o(.text)
    EXTI2_IRQHandler                         0x080001b7   Thumb Code     0  startup_stm32f407xx.o(.text)
    EXTI3_IRQHandler                         0x080001b7   Thumb Code     0  startup_stm32f407xx.o(.text)
    EXTI4_IRQHandler                         0x080001b7   Thumb Code     0  startup_stm32f407xx.o(.text)
    EXTI9_5_IRQHandler                       0x080001b7   Thumb Code     0  startup_stm32f407xx.o(.text)
    FLASH_IRQHandler                         0x080001b7   Thumb Code     0  startup_stm32f407xx.o(.text)
    FMC_IRQHandler                           0x080001b7   Thumb Code     0  startup_stm32f407xx.o(.text)
    FPU_IRQHandler                           0x080001b7   Thumb Code     0  startup_stm32f407xx.o(.text)
    HASH_RNG_IRQHandler                      0x080001b7   Thumb Code     0  startup_stm32f407xx.o(.text)
    I2C2_ER_IRQHandler                       0x080001b7   Thumb Code     0  startup_stm32f407xx.o(.text)
    I2C2_EV_IRQHandler                       0x080001b7   Thumb Code     0  startup_stm32f407xx.o(.text)
    I2C3_ER_IRQHandler                       0x080001b7   Thumb Code     0  startup_stm32f407xx.o(.text)
    I2C3_EV_IRQHandler                       0x080001b7   Thumb Code     0  startup_stm32f407xx.o(.text)
    OTG_FS_IRQHandler                        0x080001b7   Thumb Code     0  startup_stm32f407xx.o(.text)
    OTG_FS_WKUP_IRQHandler                   0x080001b7   Thumb Code     0  startup_stm32f407xx.o(.text)
    OTG_HS_EP1_IN_IRQHandler                 0x080001b7   Thumb Code     0  startup_stm32f407xx.o(.text)
    OTG_HS_EP1_OUT_IRQHandler                0x080001b7   Thumb Code     0  startup_stm32f407xx.o(.text)
    OTG_HS_IRQHandler                        0x080001b7   Thumb Code     0  startup_stm32f407xx.o(.text)
    OTG_HS_WKUP_IRQHandler                   0x080001b7   Thumb Code     0  startup_stm32f407xx.o(.text)
    PVD_IRQHandler                           0x080001b7   Thumb Code     0  startup_stm32f407xx.o(.text)
    RCC_IRQHandler                           0x080001b7   Thumb Code     0  startup_stm32f407xx.o(.text)
    RTC_Alarm_IRQHandler                     0x080001b7   Thumb Code     0  startup_stm32f407xx.o(.text)
    RTC_WKUP_IRQHandler                      0x080001b7   Thumb Code     0  startup_stm32f407xx.o(.text)
    SDIO_IRQHandler                          0x080001b7   Thumb Code     0  startup_stm32f407xx.o(.text)
    SPI1_IRQHandler                          0x080001b7   Thumb Code     0  startup_stm32f407xx.o(.text)
    SPI2_IRQHandler                          0x080001b7   Thumb Code     0  startup_stm32f407xx.o(.text)
    SPI3_IRQHandler                          0x080001b7   Thumb Code     0  startup_stm32f407xx.o(.text)
    TAMP_STAMP_IRQHandler                    0x080001b7   Thumb Code     0  startup_stm32f407xx.o(.text)
    TIM1_BRK_TIM9_IRQHandler                 0x080001b7   Thumb Code     0  startup_stm32f407xx.o(.text)
    TIM1_CC_IRQHandler                       0x080001b7   Thumb Code     0  startup_stm32f407xx.o(.text)
    TIM1_TRG_COM_TIM11_IRQHandler            0x080001b7   Thumb Code     0  startup_stm32f407xx.o(.text)
    TIM1_UP_TIM10_IRQHandler                 0x080001b7   Thumb Code     0  startup_stm32f407xx.o(.text)
    TIM2_IRQHandler                          0x080001b7   Thumb Code     0  startup_stm32f407xx.o(.text)
    TIM3_IRQHandler                          0x080001b7   Thumb Code     0  startup_stm32f407xx.o(.text)
    TIM4_IRQHandler                          0x080001b7   Thumb Code     0  startup_stm32f407xx.o(.text)
    TIM5_IRQHandler                          0x080001b7   Thumb Code     0  startup_stm32f407xx.o(.text)
    TIM6_DAC_IRQHandler                      0x080001b7   Thumb Code     0  startup_stm32f407xx.o(.text)
    TIM8_BRK_TIM12_IRQHandler                0x080001b7   Thumb Code     0  startup_stm32f407xx.o(.text)
    TIM8_CC_IRQHandler                       0x080001b7   Thumb Code     0  startup_stm32f407xx.o(.text)
    TIM8_TRG_COM_TIM14_IRQHandler            0x080001b7   Thumb Code     0  startup_stm32f407xx.o(.text)
    TIM8_UP_TIM13_IRQHandler                 0x080001b7   Thumb Code     0  startup_stm32f407xx.o(.text)
    UART4_IRQHandler                         0x080001b7   Thumb Code     0  startup_stm32f407xx.o(.text)
    UART5_IRQHandler                         0x080001b7   Thumb Code     0  startup_stm32f407xx.o(.text)
    USART1_IRQHandler                        0x080001b7   Thumb Code     0  startup_stm32f407xx.o(.text)
    USART2_IRQHandler                        0x080001b7   Thumb Code     0  startup_stm32f407xx.o(.text)
    USART3_IRQHandler                        0x080001b7   Thumb Code     0  startup_stm32f407xx.o(.text)
    USART6_IRQHandler                        0x080001b7   Thumb Code     0  startup_stm32f407xx.o(.text)
    WWDG_IRQHandler                          0x080001b7   Thumb Code     0  startup_stm32f407xx.o(.text)
    __scatterload                            0x080001c1   Thumb Code    28  init.o(.text)
    __scatterload_rt2                        0x080001c1   Thumb Code     0  init.o(.text)
    DCMI_IRQHandler                          0x08000279   Thumb Code    18  stm32f4xx_it.o(i.DCMI_IRQHandler)
    HAL_CRC_Init                             0x080002cd   Thumb Code    34  stm32f4xx_hal_crc.o(i.HAL_CRC_Init)
    HAL_CRC_MspInit                          0x080002f1   Thumb Code    20  crc.o(i.HAL_CRC_MspInit)
    HAL_DCMI_ErrorCallback                   0x0800030d   Thumb Code    18  main.o(i.HAL_DCMI_ErrorCallback)
    HAL_DCMI_FrameEventCallback              0x08000325   Thumb Code    28  main.o(i.HAL_DCMI_FrameEventCallback)
    HAL_DCMI_GetError                        0x08000345   Thumb Code     4  stm32f4xx_hal_dcmi.o(i.HAL_DCMI_GetError)
    HAL_DCMI_IRQHandler                      0x08000349   Thumb Code   228  stm32f4xx_hal_dcmi.o(i.HAL_DCMI_IRQHandler)
    HAL_DCMI_Init                            0x0800042d   Thumb Code   168  stm32f4xx_hal_dcmi.o(i.HAL_DCMI_Init)
    HAL_DCMI_LineEventCallback               0x080004d9   Thumb Code    10  main.o(i.HAL_DCMI_LineEventCallback)
    HAL_DCMI_MspInit                         0x080004e9   Thumb Code   180  dcmi.o(i.HAL_DCMI_MspInit)
    HAL_DCMI_Start_DMA                       0x080005bd   Thumb Code   148  stm32f4xx_hal_dcmi.o(i.HAL_DCMI_Start_DMA)
    HAL_DCMI_VsyncEventCallback              0x0800065d   Thumb Code    20  main.o(i.HAL_DCMI_VsyncEventCallback)
    HAL_DMAEx_ChangeMemory                   0x08000675   Thumb Code    14  stm32f4xx_hal_dma_ex.o(i.HAL_DMAEx_ChangeMemory)
    HAL_DMAEx_MultiBufferStart_IT            0x08000683   Thumb Code   142  stm32f4xx_hal_dma_ex.o(i.HAL_DMAEx_MultiBufferStart_IT)
    HAL_DMA_Abort                            0x08000711   Thumb Code    82  stm32f4xx_hal_dma.o(i.HAL_DMA_Abort)
    HAL_DMA_Init                             0x08000765   Thumb Code   108  stm32f4xx_hal_dma.o(i.HAL_DMA_Init)
    HAL_DMA_Start_IT                         0x080007d5   Thumb Code   108  stm32f4xx_hal_dma.o(i.HAL_DMA_Start_IT)
    HAL_Delay                                0x08000841   Thumb Code    22  stm32f4xx_hal.o(i.HAL_Delay)
    HAL_GPIO_Init                            0x08000859   Thumb Code   404  stm32f4xx_hal_gpio.o(i.HAL_GPIO_Init)
    HAL_GPIO_WritePin                        0x08000a21   Thumb Code    10  stm32f4xx_hal_gpio.o(i.HAL_GPIO_WritePin)
    HAL_GetTick                              0x08000a2d   Thumb Code     6  stm32f4xx_hal.o(i.HAL_GetTick)
    HAL_I2C_ER_IRQHandler                    0x08000a39   Thumb Code   250  stm32f4xx_hal_i2c.o(i.HAL_I2C_ER_IRQHandler)
    HAL_I2C_EV_IRQHandler                    0x08000b39   Thumb Code   396  stm32f4xx_hal_i2c.o(i.HAL_I2C_EV_IRQHandler)
    HAL_I2C_ErrorCallback                    0x08000cc9   Thumb Code     2  stm32f4xx_hal_i2c.o(i.HAL_I2C_ErrorCallback)
    HAL_I2C_Init                             0x08000ccd   Thumb Code   240  stm32f4xx_hal_i2c.o(i.HAL_I2C_Init)
    HAL_I2C_MasterRxCpltCallback             0x08000dc5   Thumb Code     2  stm32f4xx_hal_i2c.o(i.HAL_I2C_MasterRxCpltCallback)
    HAL_I2C_MasterTxCpltCallback             0x08000dc7   Thumb Code     2  stm32f4xx_hal_i2c.o(i.HAL_I2C_MasterTxCpltCallback)
    HAL_I2C_MemRxCpltCallback                0x08000dc9   Thumb Code     2  stm32f4xx_hal_i2c.o(i.HAL_I2C_MemRxCpltCallback)
    HAL_I2C_MemTxCpltCallback                0x08000dcb   Thumb Code     2  stm32f4xx_hal_i2c.o(i.HAL_I2C_MemTxCpltCallback)
    HAL_I2C_Mem_Read                         0x08000dcd   Thumb Code   432  stm32f4xx_hal_i2c.o(i.HAL_I2C_Mem_Read)
    HAL_I2C_MspInit                          0x08000f85   Thumb Code   118  i2c.o(i.HAL_I2C_MspInit)
    HAL_I2C_SlaveRxCpltCallback              0x08001009   Thumb Code     2  stm32f4xx_hal_i2c.o(i.HAL_I2C_SlaveRxCpltCallback)
    HAL_I2C_SlaveTxCpltCallback              0x0800100b   Thumb Code     2  stm32f4xx_hal_i2c.o(i.HAL_I2C_SlaveTxCpltCallback)
    HAL_IncTick                              0x0800100d   Thumb Code    10  stm32f4xx_hal.o(i.HAL_IncTick)
    HAL_Init                                 0x0800101d   Thumb Code    48  stm32f4xx_hal.o(i.HAL_Init)
    HAL_InitTick                             0x08001051   Thumb Code    34  stm32f4xx_hal.o(i.HAL_InitTick)
    HAL_MspInit                              0x08001073   Thumb Code     2  stm32f4xx_hal.o(i.HAL_MspInit)
    HAL_NVIC_ClearPendingIRQ                 0x08001075   Thumb Code    24  stm32f4xx_hal_cortex.o(i.HAL_NVIC_ClearPendingIRQ)
    HAL_NVIC_EnableIRQ                       0x0800108d   Thumb Code    24  stm32f4xx_hal_cortex.o(i.HAL_NVIC_EnableIRQ)
    HAL_NVIC_SetPriority                     0x080010a5   Thumb Code    60  stm32f4xx_hal_cortex.o(i.HAL_NVIC_SetPriority)
    HAL_NVIC_SetPriorityGrouping             0x080010e5   Thumb Code    26  stm32f4xx_hal_cortex.o(i.HAL_NVIC_SetPriorityGrouping)
    HAL_RCC_ClockConfig                      0x08001109   Thumb Code   432  stm32f4xx_hal_rcc.o(i.HAL_RCC_ClockConfig)
    HAL_RCC_GetHCLKFreq                      0x080012c1   Thumb Code    38  stm32f4xx_hal_rcc.o(i.HAL_RCC_GetHCLKFreq)
    HAL_RCC_GetPCLK1Freq                     0x080012f5   Thumb Code    36  stm32f4xx_hal_rcc.o(i.HAL_RCC_GetPCLK1Freq)
    HAL_RCC_GetSysClockFreq                  0x08001321   Thumb Code   120  stm32f4xx_hal_rcc.o(i.HAL_RCC_GetSysClockFreq)
    HAL_RCC_OscConfig                        0x080013a5   Thumb Code   802  stm32f4xx_hal_rcc.o(i.HAL_RCC_OscConfig)
    HAL_SYSTICK_Callback                     0x080016dd   Thumb Code     2  stm32f4xx_hal_cortex.o(i.HAL_SYSTICK_Callback)
    HAL_SYSTICK_Config                       0x080016df   Thumb Code    40  stm32f4xx_hal_cortex.o(i.HAL_SYSTICK_Config)
    HAL_SYSTICK_IRQHandler                   0x08001707   Thumb Code     8  stm32f4xx_hal_cortex.o(i.HAL_SYSTICK_IRQHandler)
    HAL_TIMEx_BreakCallback                  0x0800170f   Thumb Code     2  stm32f4xx_hal_tim_ex.o(i.HAL_TIMEx_BreakCallback)
    HAL_TIMEx_CommutationCallback            0x08001711   Thumb Code     2  stm32f4xx_hal_tim_ex.o(i.HAL_TIMEx_CommutationCallback)
    HAL_TIMEx_MasterConfigSynchronization    0x08001713   Thumb Code    80  stm32f4xx_hal_tim_ex.o(i.HAL_TIMEx_MasterConfigSynchronization)
    HAL_TIM_Base_Init                        0x08001763   Thumb Code    48  stm32f4xx_hal_tim.o(i.HAL_TIM_Base_Init)
    HAL_TIM_Base_MspInit                     0x08001795   Thumb Code    48  tim.o(i.HAL_TIM_Base_MspInit)
    HAL_TIM_IC_CaptureCallback               0x080017cd   Thumb Code     2  stm32f4xx_hal_tim.o(i.HAL_TIM_IC_CaptureCallback)
    HAL_TIM_IRQHandler                       0x080017cf   Thumb Code   358  stm32f4xx_hal_tim.o(i.HAL_TIM_IRQHandler)
    HAL_TIM_OC_DelayElapsedCallback          0x08001935   Thumb Code     2  stm32f4xx_hal_tim.o(i.HAL_TIM_OC_DelayElapsedCallback)
    HAL_TIM_PWM_PulseFinishedCallback        0x08001937   Thumb Code     2  stm32f4xx_hal_tim.o(i.HAL_TIM_PWM_PulseFinishedCallback)
    HAL_TIM_PeriodElapsedCallback            0x08001939   Thumb Code     2  stm32f4xx_hal_tim.o(i.HAL_TIM_PeriodElapsedCallback)
    HAL_TIM_TriggerCallback                  0x0800193b   Thumb Code     2  stm32f4xx_hal_tim.o(i.HAL_TIM_TriggerCallback)
    I2C1_ER_IRQHandler                       0x0800193d   Thumb Code    18  stm32f4xx_it.o(i.I2C1_ER_IRQHandler)
    I2C1_EV_IRQHandler                       0x08001955   Thumb Code    18  stm32f4xx_it.o(i.I2C1_EV_IRQHandler)
    MX_CRC_Init                              0x08001ce1   Thumb Code    12  crc.o(i.MX_CRC_Init)
    MX_DCMI_Init                             0x08001cf5   Thumb Code    26  dcmi.o(i.MX_DCMI_Init)
    MX_DMA_Init                              0x08001d19   Thumb Code    12  dma.o(i.MX_DMA_Init)
    MX_GPIO_Init                             0x08001d29   Thumb Code    96  gpio.o(i.MX_GPIO_Init)
    MX_I2C1_Init                             0x08001d91   Thumb Code    34  i2c.o(i.MX_I2C1_Init)
    MX_TIM7_Init                             0x08001dc1   Thumb Code    42  tim.o(i.MX_TIM7_Init)
    SysTick_Handler                          0x08001e15   Thumb Code    14  stm32f4xx_it.o(i.SysTick_Handler)
    SystemClock_Config                       0x08001e25   Thumb Code    92  main.o(i.SystemClock_Config)
    SystemInit                               0x08001e89   Thumb Code    66  system_stm32f4xx.o(i.SystemInit)
    TIM7_IRQHandler                          0x08001edd   Thumb Code    18  stm32f4xx_it.o(i.TIM7_IRQHandler)
    TIM_Base_SetConfig                       0x08001ef5   Thumb Code   148  stm32f4xx_hal_tim.o(i.TIM_Base_SetConfig)
    __scatterload_copy                       0x08001fb5   Thumb Code    14  handlers.o(i.__scatterload_copy)
    __scatterload_null                       0x08001fc3   Thumb Code     2  handlers.o(i.__scatterload_null)
    __scatterload_zeroinit                   0x08001fc5   Thumb Code    14  handlers.o(i.__scatterload_zeroinit)
    main                                     0x08001fd5   Thumb Code   168  main.o(i.main)
    APBAHBPrescTable                         0x08002090   Data          16  stm32f4xx_hal_rcc.o(.constdata)
    Region$$Table$$Base                      0x080020a0   Number         0  anon$$obj.o(Region$$Table)
    Region$$Table$$Limit                     0x080020c0   Number         0  anon$$obj.o(Region$$Table)
    hcrc                                     0x20000000   Data           8  crc.o(.data)
    dcmiStatus                               0x20000008   Data           1  main.o(.data)
    i2cRes                                   0x20000009   Data           1  main.o(.data)
    vsyncCounter                             0x2000000a   Data           2  main.o(.data)
    lineCounter                              0x2000000c   Data           2  main.o(.data)
    fullFrameLines                           0x2000000e   Data           2  main.o(.data)
    frameCounter                             0x20000010   Data           2  main.o(.data)
    errorCounter                             0x20000012   Data           2  main.o(.data)
    dcmiError                                0x20000014   Data           4  main.o(.data)
    IDData                                   0x20000018   Data           4  main.o(.data)
    SystemCoreClock                          0x2000001c   Data           4  system_stm32f4xx.o(.data)
    AHBPrescTable                            0x20000020   Data          16  system_stm32f4xx.o(.data)
    hdcmi                                    0x20000034   Data          64  dcmi.o(.bss)
    hdma_dcmi                                0x20000074   Data          80  dcmi.o(.bss)
    imageBuffer                              0x200000c4   Data        2560  main.o(.bss)
    htim7                                    0x20000ac4   Data          60  tim.o(.bss)
    hi2c1                                    0x20000b00   Data          56  i2c.o(.bss)
    __initial_sp                             0x20000f38   Data           0  startup_stm32f407xx.o(STACK)



==============================================================================

Memory Map of the image

  Image Entry point : 0x08000189

  Load Region LR_IROM1 (Base: 0x08000000, Size: 0x000020f4, Max: 0x00100000, ABSOLUTE)

    Execution Region ER_IROM1 (Base: 0x08000000, Size: 0x000020c0, Max: 0x00100000, ABSOLUTE)

    Base Addr    Size         Type   Attr      Idx    E Section Name        Object

    0x08000000   0x00000188   Data   RO            3    RESET               startup_stm32f407xx.o
    0x08000188   0x00000000   Code   RO         2649  * .ARM.Collect$$$$00000000  mc_w.l(entry.o)
    0x08000188   0x00000004   Code   RO         2652    .ARM.Collect$$$$00000001  mc_w.l(entry2.o)
    0x0800018c   0x00000004   Code   RO         2655    .ARM.Collect$$$$00000004  mc_w.l(entry5.o)
    0x08000190   0x00000000   Code   RO         2657    .ARM.Collect$$$$00000008  mc_w.l(entry7b.o)
    0x08000190   0x00000000   Code   RO         2659    .ARM.Collect$$$$0000000A  mc_w.l(entry8b.o)
    0x08000190   0x00000008   Code   RO         2660    .ARM.Collect$$$$0000000B  mc_w.l(entry9a.o)
    0x08000198   0x00000000   Code   RO         2662    .ARM.Collect$$$$0000000D  mc_w.l(entry10a.o)
    0x08000198   0x00000000   Code   RO         2664    .ARM.Collect$$$$0000000F  mc_w.l(entry11a.o)
    0x08000198   0x00000004   Code   RO         2653    .ARM.Collect$$$$00002712  mc_w.l(entry2.o)
    0x0800019c   0x00000024   Code   RO            4    .text               startup_stm32f407xx.o
    0x080001c0   0x00000024   Code   RO         2666    .text               mc_w.l(init.o)
    0x080001e4   0x00000082   Code   RO          761    i.DCMI_DMAConvCplt  stm32f4xx_hal_dcmi.o
    0x08000266   0x00000010   Code   RO          762    i.DCMI_DMAError     stm32f4xx_hal_dcmi.o
    0x08000276   0x00000002   PAD
    0x08000278   0x00000018   Code   RO          294    i.DCMI_IRQHandler   stm32f4xx_it.o
    0x08000290   0x0000001e   Code   RO          954    i.DMA_MultiBufferSetConfig  stm32f4xx_hal_dma_ex.o
    0x080002ae   0x0000001e   Code   RO          881    i.DMA_SetConfig     stm32f4xx_hal_dma.o
    0x080002cc   0x00000022   Code   RO          709    i.HAL_CRC_Init      stm32f4xx_hal_crc.o
    0x080002ee   0x00000002   PAD
    0x080002f0   0x0000001c   Code   RO           13    i.HAL_CRC_MspInit   crc.o
    0x0800030c   0x00000018   Code   RO          224    i.HAL_DCMI_ErrorCallback  main.o
    0x08000324   0x00000020   Code   RO          225    i.HAL_DCMI_FrameEventCallback  main.o
    0x08000344   0x00000004   Code   RO          769    i.HAL_DCMI_GetError  stm32f4xx_hal_dcmi.o
    0x08000348   0x000000e4   Code   RO          771    i.HAL_DCMI_IRQHandler  stm32f4xx_hal_dcmi.o
    0x0800042c   0x000000ac   Code   RO          772    i.HAL_DCMI_Init     stm32f4xx_hal_dcmi.o
    0x080004d8   0x00000010   Code   RO          226    i.HAL_DCMI_LineEventCallback  main.o
    0x080004e8   0x000000d4   Code   RO          141    i.HAL_DCMI_MspInit  dcmi.o
    0x080005bc   0x000000a0   Code   RO          776    i.HAL_DCMI_Start_DMA  stm32f4xx_hal_dcmi.o
    0x0800065c   0x00000018   Code   RO          227    i.HAL_DCMI_VsyncEventCallback  main.o
    0x08000674   0x0000000e   Code   RO          955    i.HAL_DMAEx_ChangeMemory  stm32f4xx_hal_dma_ex.o
    0x08000682   0x0000008e   Code   RO          957    i.HAL_DMAEx_MultiBufferStart_IT  stm32f4xx_hal_dma_ex.o
    0x08000710   0x00000052   Code   RO          882    i.HAL_DMA_Abort     stm32f4xx_hal_dma.o
    0x08000762   0x00000002   PAD
    0x08000764   0x00000070   Code   RO          887    i.HAL_DMA_Init      stm32f4xx_hal_dma.o
    0x080007d4   0x0000006c   Code   RO          890    i.HAL_DMA_Start_IT  stm32f4xx_hal_dma.o
    0x08000840   0x00000016   Code   RO          451    i.HAL_Delay         stm32f4xx_hal.o
    0x08000856   0x00000002   PAD
    0x08000858   0x000001c8   Code   RO         1172    i.HAL_GPIO_Init     stm32f4xx_hal_gpio.o
    0x08000a20   0x0000000a   Code   RO         1176    i.HAL_GPIO_WritePin  stm32f4xx_hal_gpio.o
    0x08000a2a   0x00000002   PAD
    0x08000a2c   0x0000000c   Code   RO          463    i.HAL_GetTick       stm32f4xx_hal.o
    0x08000a38   0x00000100   Code   RO         2340    i.HAL_I2C_ER_IRQHandler  stm32f4xx_hal_i2c.o
    0x08000b38   0x00000190   Code   RO         2341    i.HAL_I2C_EV_IRQHandler  stm32f4xx_hal_i2c.o
    0x08000cc8   0x00000002   Code   RO         2342    i.HAL_I2C_ErrorCallback  stm32f4xx_hal_i2c.o
    0x08000cca   0x00000002   PAD
    0x08000ccc   0x000000f8   Code   RO         2345    i.HAL_I2C_Init      stm32f4xx_hal_i2c.o
    0x08000dc4   0x00000002   Code   RO         2347    i.HAL_I2C_MasterRxCpltCallback  stm32f4xx_hal_i2c.o
    0x08000dc6   0x00000002   Code   RO         2348    i.HAL_I2C_MasterTxCpltCallback  stm32f4xx_hal_i2c.o
    0x08000dc8   0x00000002   Code   RO         2355    i.HAL_I2C_MemRxCpltCallback  stm32f4xx_hal_i2c.o
    0x08000dca   0x00000002   Code   RO         2356    i.HAL_I2C_MemTxCpltCallback  stm32f4xx_hal_i2c.o
    0x08000dcc   0x000001b8   Code   RO         2357    i.HAL_I2C_Mem_Read  stm32f4xx_hal_i2c.o
    0x08000f84   0x00000084   Code   RO          381    i.HAL_I2C_MspInit   i2c.o
    0x08001008   0x00000002   Code   RO         2365    i.HAL_I2C_SlaveRxCpltCallback  stm32f4xx_hal_i2c.o
    0x0800100a   0x00000002   Code   RO         2366    i.HAL_I2C_SlaveTxCpltCallback  stm32f4xx_hal_i2c.o
    0x0800100c   0x00000010   Code   RO          464    i.HAL_IncTick       stm32f4xx_hal.o
    0x0800101c   0x00000034   Code   RO          465    i.HAL_Init          stm32f4xx_hal.o
    0x08001050   0x00000022   Code   RO          466    i.HAL_InitTick      stm32f4xx_hal.o
    0x08001072   0x00000002   Code   RO          468    i.HAL_MspInit       stm32f4xx_hal.o
    0x08001074   0x00000018   Code   RO          592    i.HAL_NVIC_ClearPendingIRQ  stm32f4xx_hal_cortex.o
    0x0800108c   0x00000018   Code   RO          594    i.HAL_NVIC_EnableIRQ  stm32f4xx_hal_cortex.o
    0x080010a4   0x00000040   Code   RO          600    i.HAL_NVIC_SetPriority  stm32f4xx_hal_cortex.o
    0x080010e4   0x00000024   Code   RO          601    i.HAL_NVIC_SetPriorityGrouping  stm32f4xx_hal_cortex.o
    0x08001108   0x000001b8   Code   RO         1362    i.HAL_RCC_ClockConfig  stm32f4xx_hal_rcc.o
    0x080012c0   0x00000034   Code   RO         1367    i.HAL_RCC_GetHCLKFreq  stm32f4xx_hal_rcc.o
    0x080012f4   0x0000002c   Code   RO         1369    i.HAL_RCC_GetPCLK1Freq  stm32f4xx_hal_rcc.o
    0x08001320   0x00000084   Code   RO         1371    i.HAL_RCC_GetSysClockFreq  stm32f4xx_hal_rcc.o
    0x080013a4   0x00000338   Code   RO         1374    i.HAL_RCC_OscConfig  stm32f4xx_hal_rcc.o
    0x080016dc   0x00000002   Code   RO          604    i.HAL_SYSTICK_Callback  stm32f4xx_hal_cortex.o
    0x080016de   0x00000028   Code   RO          605    i.HAL_SYSTICK_Config  stm32f4xx_hal_cortex.o
    0x08001706   0x00000008   Code   RO          606    i.HAL_SYSTICK_IRQHandler  stm32f4xx_hal_cortex.o
    0x0800170e   0x00000002   Code   RO         2104    i.HAL_TIMEx_BreakCallback  stm32f4xx_hal_tim_ex.o
    0x08001710   0x00000002   Code   RO         2105    i.HAL_TIMEx_CommutationCallback  stm32f4xx_hal_tim_ex.o
    0x08001712   0x00000050   Code   RO         2122    i.HAL_TIMEx_MasterConfigSynchronization  stm32f4xx_hal_tim_ex.o
    0x08001762   0x00000030   Code   RO         1490    i.HAL_TIM_Base_Init  stm32f4xx_hal_tim.o
    0x08001792   0x00000002   PAD
    0x08001794   0x00000038   Code   RO          343    i.HAL_TIM_Base_MspInit  tim.o
    0x080017cc   0x00000002   Code   RO         1522    i.HAL_TIM_IC_CaptureCallback  stm32f4xx_hal_tim.o
    0x080017ce   0x00000166   Code   RO         1535    i.HAL_TIM_IRQHandler  stm32f4xx_hal_tim.o
    0x08001934   0x00000002   Code   RO         1538    i.HAL_TIM_OC_DelayElapsedCallback  stm32f4xx_hal_tim.o
    0x08001936   0x00000002   Code   RO         1565    i.HAL_TIM_PWM_PulseFinishedCallback  stm32f4xx_hal_tim.o
    0x08001938   0x00000002   Code   RO         1572    i.HAL_TIM_PeriodElapsedCallback  stm32f4xx_hal_tim.o
    0x0800193a   0x00000002   Code   RO         1575    i.HAL_TIM_TriggerCallback  stm32f4xx_hal_tim.o
    0x0800193c   0x00000018   Code   RO          295    i.I2C1_ER_IRQHandler  stm32f4xx_it.o
    0x08001954   0x00000018   Code   RO          296    i.I2C1_EV_IRQHandler  stm32f4xx_it.o
    0x0800196c   0x0000009c   Code   RO         2380    i.I2C_MasterReceive_BTF  stm32f4xx_hal_i2c.o
    0x08001a08   0x00000080   Code   RO         2381    i.I2C_MasterReceive_RXNE  stm32f4xx_hal_i2c.o
    0x08001a88   0x00000064   Code   RO         2384    i.I2C_MasterTransmit_BTF  stm32f4xx_hal_i2c.o
    0x08001aec   0x000000e0   Code   RO         2385    i.I2C_RequestMemoryRead  stm32f4xx_hal_i2c.o
    0x08001bcc   0x0000008a   Code   RO         2387    i.I2C_WaitOnFlagUntilTimeout  stm32f4xx_hal_i2c.o
    0x08001c56   0x00000088   Code   RO         2388    i.I2C_WaitOnMasterAddressFlagUntilTimeout  stm32f4xx_hal_i2c.o
    0x08001cde   0x00000002   PAD
    0x08001ce0   0x00000014   Code   RO           14    i.MX_CRC_Init       crc.o
    0x08001cf4   0x00000024   Code   RO          142    i.MX_DCMI_Init      dcmi.o
    0x08001d18   0x00000010   Code   RO          184    i.MX_DMA_Init       dma.o
    0x08001d28   0x00000068   Code   RO          204    i.MX_GPIO_Init      gpio.o
    0x08001d90   0x00000030   Code   RO          382    i.MX_I2C1_Init      i2c.o
    0x08001dc0   0x00000034   Code   RO          344    i.MX_TIM7_Init      tim.o
    0x08001df4   0x00000020   Code   RO          607    i.NVIC_SetPriority  stm32f4xx_hal_cortex.o
    0x08001e14   0x0000000e   Code   RO          297    i.SysTick_Handler   stm32f4xx_it.o
    0x08001e22   0x00000002   PAD
    0x08001e24   0x00000064   Code   RO          228    i.SystemClock_Config  main.o
    0x08001e88   0x00000054   Code   RO          419    i.SystemInit        system_stm32f4xx.o
    0x08001edc   0x00000018   Code   RO          298    i.TIM7_IRQHandler   stm32f4xx_it.o
    0x08001ef4   0x000000c0   Code   RO         1576    i.TIM_Base_SetConfig  stm32f4xx_hal_tim.o
    0x08001fb4   0x0000000e   Code   RO         2670    i.__scatterload_copy  mc_w.l(handlers.o)
    0x08001fc2   0x00000002   Code   RO         2671    i.__scatterload_null  mc_w.l(handlers.o)
    0x08001fc4   0x0000000e   Code   RO         2672    i.__scatterload_zeroinit  mc_w.l(handlers.o)
    0x08001fd2   0x00000002   PAD
    0x08001fd4   0x000000bc   Code   RO          229    i.main              main.o
    0x08002090   0x00000010   Data   RO         1375    .constdata          stm32f4xx_hal_rcc.o
    0x080020a0   0x00000020   Data   RO         2668    Region$$Table       anon$$obj.o


    Execution Region RW_IRAM1 (Base: 0x20000000, Size: 0x00000f38, Max: 0x00020000, ABSOLUTE)

    Base Addr    Size         Type   Attr      Idx    E Section Name        Object

    0x20000000   0x00000008   Data   RW           15    .data               crc.o
    0x20000008   0x00000014   Data   RW          231    .data               main.o
    0x2000001c   0x00000014   Data   RW          420    .data               system_stm32f4xx.o
    0x20000030   0x00000004   Data   RW          471    .data               stm32f4xx_hal.o
    0x20000034   0x00000090   Zero   RW          143    .bss                dcmi.o
    0x200000c4   0x00000a00   Zero   RW          230    .bss                main.o
    0x20000ac4   0x0000003c   Zero   RW          345    .bss                tim.o
    0x20000b00   0x00000038   Zero   RW          383    .bss                i2c.o
    0x20000b38   0x00000400   Zero   RW            1    STACK               startup_stm32f407xx.o


==============================================================================

Image component sizes


      Code (inc. data)   RO Data    RW Data    ZI Data      Debug   Object Name

        48         16          0          8          0     333171   crc.o
       248         42          0          0        144       1524   dcmi.o
        16          4          0          0          0        410   dma.o
       104          8          0          0          0        555   gpio.o
       180         28          0          0         56       1437   i2c.o
       384         48          0         20       2560       4193   main.o
        36          8        392          0       1024        932   startup_stm32f407xx.o
       138         16          0          4          0       4416   stm32f4xx_hal.o
       230         24          0          0          0      31438   stm32f4xx_hal_cortex.o
        34          0          0          0          0        987   stm32f4xx_hal_crc.o
       710         16          0          0          0       4343   stm32f4xx_hal_dcmi.o
       332          4          0          0          0       3114   stm32f4xx_hal_dma.o
       186          0          0          0          0       2437   stm32f4xx_hal_dma_ex.o
       466         52          0          0          0       3012   stm32f4xx_hal_gpio.o
      2240         48          0          0          0      13016   stm32f4xx_hal_i2c.o
      1492         64         16          0          0       5264   stm32f4xx_hal_rcc.o
       608         44          0          0          0       6307   stm32f4xx_hal_tim.o
        84          0          0          0          0       2286   stm32f4xx_hal_tim_ex.o
       110         24          0          0          0       2412   stm32f4xx_it.o
        84         18          0         20          0       1281   system_stm32f4xx.o
       108         18          0          0         60       1402   tim.o

    ----------------------------------------------------------------------
      7856        482        440         52       3844     423937   Object Totals
         0          0         32          0          0          0   (incl. Generated)
        18          0          0          0          0          0   (incl. Padding)

    ----------------------------------------------------------------------

      Code (inc. data)   RO Data    RW Data    ZI Data      Debug   Library Member Name

         0          0          0          0          0          0   entry.o
         0          0          0          0          0          0   entry10a.o
         0          0          0          0          0          0   entry11a.o
         8          4          0          0          0          0   entry2.o
         4          0          0          0          0          0   entry5.o
         0          0          0          0          0          0   entry7b.o
         0          0          0          0          0          0   entry8b.o
         8          4          0          0          0          0   entry9a.o
        30          0          0          0          0          0   handlers.o
        36          8          0          0          0         68   init.o

    ----------------------------------------------------------------------
        88         16          0          0          0         68   Library Totals
         2          0          0          0          0          0   (incl. Padding)

    ----------------------------------------------------------------------

      Code (inc. data)   RO Data    RW Data    ZI Data      Debug   Library Name

        86         16          0          0          0         68   mc_w.l

    ----------------------------------------------------------------------
        88         16          0          0          0         68   Library Totals

    ----------------------------------------------------------------------

==============================================================================


      Code (inc. data)   RO Data    RW Data    ZI Data      Debug   

      7944        498        440         52       3844     416105   Grand Totals
      7944        498        440         52       3844     416105   ELF Image Totals
      7944        498        440         52          0          0   ROM Totals

==============================================================================

    Total RO  Size (Code + RO Data)                 8384 (   8.19kB)
    Total RW  Size (RW Data + ZI Data)              3896 (   3.80kB)
    Total ROM Size (Code + RO Data + RW Data)       8436 (   8.24kB)

==============================================================================

