<html>
<body>
<pre>
<h1>µVision Build Log</h1>
<h2>Project:</h2>
D:\MyPROG\LSD_SLAM\STM\CameraFirstTest\Projects\MDK-ARM\CameraFirstTest.uvproj
Project File Date:  06/06/2015

<h2>Output:</h2>
Build target 'CameraFirstTest Configuration'
compiling main.c...
linking...
Program Size: Code=14624 RO-data=440 RW-data=52 ZI-data=11524  
"CameraFirstTest Configuration\CameraFirstTest Configuration.axf" - 0 Error(s), 0 Warning(s).
Load "CameraFirstTest Configuration\\CameraFirstTest Configuration.axf" 
Erase Done.
Programming Done.
Verify OK.
</pre>
</body>
</html>
NUOUS, (uint32_t)imageBuffer, sizeof(imageBuffer) / sizeof(uint32_t); );
..\..\Src\main.c: 0 warnings, 2 errors
"CameraFirstTest Configuration\CameraFirstTest Configuration.axf" - 2 Error(s), 0 Warning(s).
Target not created
uffer, sizeof(imageBuffer) / sizeof(uint32_t); );
..\..\Src\main.c: 0 warnings, 3 errors
compiling stm32f4xx_it.c...
compiling tim.c...
compiling i2c.c...
"CameraFirstTest Configuration\CameraFirstTest Configuration.axf" - 3 Error(s), 0 Warning(s).
Target not created
ng stm32f4xx_hal_i2c.c...
compiling stm32f4xx_hal_i2c_ex.c...
linking...
Program Size: Code=14624 RO-data=440 RW-data=52 ZI-data=3844  
"CameraFirstTest Configuration\CameraFirstTest Configuration.axf" - 0 Error(s), 0 Warning(s).
Load "CameraFirstTest Configuration\\CameraFirstTest Configuration.axf" 
Error: Flash Download failed  -  Target DLL has been cancelled
Load "CameraFirstTest Configuration\\CameraFirstTest Configuration.axf" 
Erase Done.
Programming Done.
Verify OK.
